Archive member included to satisfy reference by file (symbol)

c:/st/stm32cubeide_1.6.1/stm32cubeide/plugins/com.st.stm32cube.ide.mcu.externaltools.gnu-tools-for-stm32.9-2020-q2-update.win32_1.5.0.202011040924/tools/bin/../lib/gcc/arm-none-eabi/9.3.1/../../../../arm-none-eabi/lib/thumb/v7e-m+fp/hard\libc_nano.a(lib_a-errno.o)
                              Core/Src/syscalls.o (__errno)
c:/st/stm32cubeide_1.6.1/stm32cubeide/plugins/com.st.stm32cube.ide.mcu.externaltools.gnu-tools-for-stm32.9-2020-q2-update.win32_1.5.0.202011040924/tools/bin/../lib/gcc/arm-none-eabi/9.3.1/../../../../arm-none-eabi/lib/thumb/v7e-m+fp/hard\libc_nano.a(lib_a-exit.o)
                              c:/st/stm32cubeide_1.6.1/stm32cubeide/plugins/com.st.stm32cube.ide.mcu.externaltools.gnu-tools-for-stm32.9-2020-q2-update.win32_1.5.0.202011040924/tools/bin/../lib/gcc/arm-none-eabi/9.3.1/../../../../arm-none-eabi/lib/thumb/v7e-m+fp/hard/crt0.o (exit)
c:/st/stm32cubeide_1.6.1/stm32cubeide/plugins/com.st.stm32cube.ide.mcu.externaltools.gnu-tools-for-stm32.9-2020-q2-update.win32_1.5.0.202011040924/tools/bin/../lib/gcc/arm-none-eabi/9.3.1/../../../../arm-none-eabi/lib/thumb/v7e-m+fp/hard\libc_nano.a(lib_a-impure.o)
                              c:/st/stm32cubeide_1.6.1/stm32cubeide/plugins/com.st.stm32cube.ide.mcu.externaltools.gnu-tools-for-stm32.9-2020-q2-update.win32_1.5.0.202011040924/tools/bin/../lib/gcc/arm-none-eabi/9.3.1/../../../../arm-none-eabi/lib/thumb/v7e-m+fp/hard\libc_nano.a(lib_a-exit.o) (_global_impure_ptr)
c:/st/stm32cubeide_1.6.1/stm32cubeide/plugins/com.st.stm32cube.ide.mcu.externaltools.gnu-tools-for-stm32.9-2020-q2-update.win32_1.5.0.202011040924/tools/bin/../lib/gcc/arm-none-eabi/9.3.1/../../../../arm-none-eabi/lib/thumb/v7e-m+fp/hard\libc_nano.a(lib_a-init.o)
                              c:/st/stm32cubeide_1.6.1/stm32cubeide/plugins/com.st.stm32cube.ide.mcu.externaltools.gnu-tools-for-stm32.9-2020-q2-update.win32_1.5.0.202011040924/tools/bin/../lib/gcc/arm-none-eabi/9.3.1/../../../../arm-none-eabi/lib/thumb/v7e-m+fp/hard/crt0.o (__libc_init_array)
c:/st/stm32cubeide_1.6.1/stm32cubeide/plugins/com.st.stm32cube.ide.mcu.externaltools.gnu-tools-for-stm32.9-2020-q2-update.win32_1.5.0.202011040924/tools/bin/../lib/gcc/arm-none-eabi/9.3.1/../../../../arm-none-eabi/lib/thumb/v7e-m+fp/hard\libc_nano.a(lib_a-memcpy-stub.o)
                              Middlewares/Third_Party/FreeRTOS/Source/queue.o (memcpy)
c:/st/stm32cubeide_1.6.1/stm32cubeide/plugins/com.st.stm32cube.ide.mcu.externaltools.gnu-tools-for-stm32.9-2020-q2-update.win32_1.5.0.202011040924/tools/bin/../lib/gcc/arm-none-eabi/9.3.1/../../../../arm-none-eabi/lib/thumb/v7e-m+fp/hard\libc_nano.a(lib_a-memset.o)
                              c:/st/stm32cubeide_1.6.1/stm32cubeide/plugins/com.st.stm32cube.ide.mcu.externaltools.gnu-tools-for-stm32.9-2020-q2-update.win32_1.5.0.202011040924/tools/bin/../lib/gcc/arm-none-eabi/9.3.1/../../../../arm-none-eabi/lib/thumb/v7e-m+fp/hard/crt0.o (memset)
c:/st/stm32cubeide_1.6.1/stm32cubeide/plugins/com.st.stm32cube.ide.mcu.externaltools.gnu-tools-for-stm32.9-2020-q2-update.win32_1.5.0.202011040924/tools/bin/../lib/gcc/arm-none-eabi/9.3.1/../../../../arm-none-eabi/lib/thumb/v7e-m+fp/hard\libc_nano.a(lib_a-sprintf.o)
                              Core/Src/main.o (sprintf)
c:/st/stm32cubeide_1.6.1/stm32cubeide/plugins/com.st.stm32cube.ide.mcu.externaltools.gnu-tools-for-stm32.9-2020-q2-update.win32_1.5.0.202011040924/tools/bin/../lib/gcc/arm-none-eabi/9.3.1/../../../../arm-none-eabi/lib/thumb/v7e-m+fp/hard\libc_nano.a(lib_a-nano-svfprintf.o)
                              c:/st/stm32cubeide_1.6.1/stm32cubeide/plugins/com.st.stm32cube.ide.mcu.externaltools.gnu-tools-for-stm32.9-2020-q2-update.win32_1.5.0.202011040924/tools/bin/../lib/gcc/arm-none-eabi/9.3.1/../../../../arm-none-eabi/lib/thumb/v7e-m+fp/hard\libc_nano.a(lib_a-sprintf.o) (_svfprintf_r)
c:/st/stm32cubeide_1.6.1/stm32cubeide/plugins/com.st.stm32cube.ide.mcu.externaltools.gnu-tools-for-stm32.9-2020-q2-update.win32_1.5.0.202011040924/tools/bin/../lib/gcc/arm-none-eabi/9.3.1/../../../../arm-none-eabi/lib/thumb/v7e-m+fp/hard\libc_nano.a(lib_a-nano-vfprintf_i.o)
                              c:/st/stm32cubeide_1.6.1/stm32cubeide/plugins/com.st.stm32cube.ide.mcu.externaltools.gnu-tools-for-stm32.9-2020-q2-update.win32_1.5.0.202011040924/tools/bin/../lib/gcc/arm-none-eabi/9.3.1/../../../../arm-none-eabi/lib/thumb/v7e-m+fp/hard\libc_nano.a(lib_a-nano-svfprintf.o) (_printf_i)
c:/st/stm32cubeide_1.6.1/stm32cubeide/plugins/com.st.stm32cube.ide.mcu.externaltools.gnu-tools-for-stm32.9-2020-q2-update.win32_1.5.0.202011040924/tools/bin/../lib/gcc/arm-none-eabi/9.3.1/../../../../arm-none-eabi/lib/thumb/v7e-m+fp/hard\libc_nano.a(lib_a-memchr.o)
[...]
Memory Configuration

Name             Origin             Length             Attributes
RAM              0x0000000020000000 0x0000000000020000 xrw
FLASH            0x0000000008000000 0x0000000000080000 xr
*default*        0x0000000000000000 0xffffffffffffffff

Linker script and memory map

LOAD c:/st/stm32cubeide_1.6.1/stm32cubeide/plugins/com.st.stm32cube.ide.mcu.externaltools.gnu-tools-for-stm32.9-2020-q2-update.win32_1.5.0.202011040924/tools/bin/../lib/gcc/arm-none-eabi/9.3.1/thumb/v7e-m+fp/hard/crti.o
LOAD c:/st/stm32cubeide_1.6.1/stm32cubeide/plugins/com.st.stm32cube.ide.mcu.externaltools.gnu-tools-for-stm32.9-2020-q2-update.win32_1.5.0.202011040924/tools/bin/../lib/gcc/arm-none-eabi/9.3.1/thumb/v7e-m+fp/hard/crtbegin.o
LOAD c:/st/stm32cubeide_1.6.1/stm32cubeide/plugins/com.st.stm32cube.ide.mcu.externaltools.gnu-tools-for-stm32.9-2020-q2-update.win32_1.5.0.202011040924/tools/bin/../lib/gcc/arm-none-eabi/9.3.1/../../../../arm-none-eabi/lib/thumb/v7e-m+fp/hard/crt0.o
LOAD Core/Src/DS3231.o
LOAD Core/Src/df_player.o
LOAD Core/Src/fonts.o
LOAD Core/Src/freertos.o
LOAD Core/Src/main.o
LOAD Core/Src/ssd1306.o
LOAD Core/Src/stm32f4xx_hal_msp.o
LOAD Core/Src/stm32f4xx_hal_timebase_tim.o
LOAD Core/Src/stm32f4xx_it.o
LOAD Core/Src/syscalls.o
LOAD Core/Src/sysmem.o
LOAD Core/Src/system_stm32f4xx.o
LOAD Core/Startup/startup_stm32f446retx.o
LOAD Drivers/STM32F4xx_HAL_Driver/Src/stm32f4xx_hal.o
LOAD Drivers/STM32F4xx_HAL_Driver/Src/stm32f4xx_hal_cortex.o
LOAD Drivers/STM32F4xx_HAL_Driver/Src/stm32f4xx_hal_dma.o
LOAD Drivers/STM32F4xx_HAL_Driver/Src/stm32f4xx_hal_dma_ex.o
LOAD Drivers/STM32F4xx_HAL_Driver/Src/stm32f4xx_hal_exti.o
LOAD Drivers/STM32F4xx_HAL_Driver/Src/stm32f4xx_hal_flash.o
LOAD Drivers/STM32F4xx_HAL_Driver/Src/stm32f4xx_hal_flash_ex.o
LOAD Drivers/STM32F4xx_HAL_Driver/Src/stm32f4xx_hal_flash_ramfunc.o
LOAD Drivers/STM32F4xx_HAL_Driver/Src/stm32f4xx_hal_gpio.o
LOAD Drivers/STM32F4xx_HAL_Driver/Src/stm32f4xx_hal_i2c.o
LOAD Drivers/STM32F4xx_HAL_Driver/Src/stm32f4xx_hal_i2c_ex.o
LOAD Drivers/STM32F4xx_HAL_Driver/Src/stm32f4xx_hal_pwr.o
LOAD Drivers/STM32F4xx_HAL_Driver/Src/stm32f4xx_hal_pwr_ex.o
LOAD Drivers/STM32F4xx_HAL_Driver/Src/stm32f4xx_hal_rcc.o
LOAD Drivers/STM32F4xx_HAL_Driver/Src/stm32f4xx_hal_rcc_ex.o
LOAD Drivers/STM32F4xx_HAL_Driver/Src/stm32f4xx_hal_tim.o
LOAD Drivers/STM32F4xx_HAL_Driver/Src/stm32f4xx_hal_tim_ex.o
LOAD Drivers/STM32F4xx_HAL_Driver/Src/stm32f4xx_hal_uart.o
LOAD Middlewares/Third_Party/FreeRTOS/Source/CMSIS_RTOS/cmsis_os.o
LOAD Middlewares/Third_Party/FreeRTOS/Source/croutine.o
LOAD Middlewares/Third_Party/FreeRTOS/Source/event_groups.o
LOAD Middlewares/Third_Party/FreeRTOS/Source/list.o
LOAD Middlewares/Third_Party/FreeRTOS/Source/queue.o
LOAD Middlewares/Third_Party/FreeRTOS/Source/stream_buffer.o
LOAD Middlewares/Third_Party/FreeRTOS/Source/tasks.o
LOAD Middlewares/Third_Party/FreeRTOS/Source/timers.o
LOAD Middlewares/Third_Party/FreeRTOS/Source/portable/GCC/ARM_CM4F/port.o
LOAD Middlewares/Third_Party/FreeRTOS/Source/portable/MemMang/heap_4.o
START GROUP
LOAD c:/st/stm32cubeide_1.6.1/stm32cubeide/plugins/com.st.stm32cube.ide.mcu.externaltools.gnu-tools-for-stm32.9-2020-q2-update.win32_1.5.0.202011040924/tools/bin/../lib/gcc/arm-none-eabi/9.3.1/../../../../arm-none-eabi/lib/thumb/v7e-m+fp/hard\libc_nano.a
LOAD c:/st/stm32cubeide_1.6.1/stm32cubeide/plugins/com.st.stm32cube.ide.mcu.externaltools.gnu-tools-for-stm32.9-2020-q2-update.win32_1.5.0.202011040924/tools/bin/../lib/gcc/arm-none-eabi/9.3.1/../../../../arm-none-eabi/lib/thumb/v7e-m+fp/hard\libm.a
END GROUP
START GROUP
LOAD c:/st/stm32cubeide_1.6.1/stm32cubeide/plugins/com.st.stm32cube.ide.mcu.externaltools.gnu-tools-for-stm32.9-2020-q2-update.win32_1.5.0.202011040924/tools/bin/../lib/gcc/arm-none-eabi/9.3.1/thumb/v7e-m+fp/hard\libgcc.a
LOAD c:/st/stm32cubeide_1.6.1/stm32cubeide/plugins/com.st.stm32cube.ide.mcu.externaltools.gnu-tools-for-stm32.9-2020-q2-update.win32_1.5.0.202011040924/tools/bin/../lib/gcc/arm-none-eabi/9.3.1/../../../../arm-none-eabi/lib/thumb/v7e-m+fp/hard\libc_nano.a
END GROUP
START GROUP
LOAD c:/st/stm32cubeide_1.6.1/stm32cubeide/plugins/com.st.stm32cube.ide.mcu.externaltools.gnu-tools-for-stm32.9-2020-q2-update.win32_1.5.0.202011040924/tools/bin/../lib/gcc/arm-none-eabi/9.3.1/thumb/v7e-m+fp/hard\libgcc.a
LOAD c:/st/stm32cubeide_1.6.1/stm32cubeide/plugins/com.st.stm32cube.ide.mcu.externaltools.gnu-tools-for-stm32.9-2020-q2-update.win32_1.5.0.202011040924/tools/bin/../lib/gcc/arm-none-eabi/9.3.1/../../../../arm-none-eabi/lib/thumb/v7e-m+fp/hard\libc_nano.a
LOAD c:/st/stm32cubeide_1.6.1/stm32cubeide/plugins/com.st.stm32cube.ide.mcu.externaltools.gnu-tools-for-stm32.9-2020-q2-update.win32_1.5.0.202011040924/tools/bin/../lib/gcc/arm-none-eabi/9.3.1/../../../../arm-none-eabi/lib/thumb/v7e-m+fp/hard\libnosys.a
END GROUP
START GROUP
LOAD c:/st/stm32cubeide_1.6.1/stm32cubeide/plugins/com.st.stm32cube.ide.mcu.externaltools.gnu-tools-for-stm32.9-2020-q2-update.win32_1.5.0.202011040924/tools/bin/../lib/gcc/arm-none-eabi/9.3.1/thumb/v7e-m+fp/hard\libgcc.a
LOAD c:/st/stm32cubeide_1.6.1/stm32cubeide/plugins/com.st.stm32cube.ide.mcu.externaltools.gnu-tools-for-stm32.9-2020-q2-update.win32_1.5.0.202011040924/tools/bin/../lib/gcc/arm-none-eabi/9.3.1/../../../../arm-none-eabi/lib/thumb/v7e-m+fp/hard\libc_nano.a
LOAD c:/st/stm32cubeide_1.6.1/stm32cubeide/plugins/com.st.stm32cube.ide.mcu.externaltools.gnu-tools-for-stm32.9-2020-q2-update.win32_1.5.0.202011040924/tools/bin/../lib/gcc/arm-none-eabi/9.3.1/../../../../arm-none-eabi/lib/thumb/v7e-m+fp/hard\libnosys.a
END GROUP
LOAD c:/st/stm32cubeide_1.6.1/stm32cubeide/plugins/com.st.stm32cube.ide.mcu.externaltools.gnu-tools-for-stm32.9-2020-q2-update.win32_1.5.0.202011040924/tools/bin/../lib/gcc/arm-none-eabi/9.3.1/thumb/v7e-m+fp/hard/crtend.o
LOAD c:/st/stm32cubeide_1.6.1/stm32cubeide/plugins/com.st.stm32cube.ide.mcu.externaltools.gnu-tools-for-stm32.9-2020-q2-update.win32_1.5.0.202011040924/tools/bin/../lib/gcc/arm-none-eabi/9.3.1/thumb/v7e-m+fp/hard/crtn.o
                0x0000000020020000                _estack = (ORIGIN (RAM) + LENGTH (RAM))
                0x0000000000000200                _Min_Heap_Size = 0x200
                0x0000000000000400                _Min_Stack_Size = 0x400

.isr_vector     0x0000000008000000      0x1c4
                0x0000000008000000                . = ALIGN (0x4)
 *(.isr_vector)
 .isr_vector    0x0000000008000000      0x1c4 Core/Startup/startup_stm32f446retx.o
                0x0000000008000000                g_pfnVectors
                0x00000000080001c4                . = ALIGN (0x4)

.text           0x00000000080001d0     0x5c44
                0x00000000080001d0                . = ALIGN (0x4)
 *(.text)
 .text          0x00000000080001d0       0x40 c:/st/stm32cubeide_1.6.1/stm32cubeide/plugins/com.st.stm32cube.ide.mcu.externaltools.gnu-tools-for-stm32.9-2020-q2-update.win32_1.5.0.202011040924/tools/bin/../lib/gcc/arm-none-eabi/9.3.1/thumb/v7e-m+fp/hard/crtbegin.o
 .text          0x0000000008000210       0xa0 c:/st/stm32cubeide_1.6.1/stm32cubeide/plugins/com.st.stm32cube.ide.mcu.externaltools.gnu-tools-for-stm32.9-2020-q2-update.win32_1.5.0.202011040924/tools/bin/../lib/gcc/arm-none-eabi/9.3.1/../../../../arm-none-eabi/lib/thumb/v7e-m+fp/hard\libc_nano.a(lib_a-memchr.o)
                0x0000000008000210                memchr
 .text          0x00000000080002b0       0x30 c:/st/stm32cubeide_1.6.1/stm32cubeide/plugins/com.st.stm32cube.ide.mcu.externaltools.gnu-tools-for-stm32.9-2020-q2-update.win32_1.5.0.202011040924/tools/bin/../lib/gcc/arm-none-eabi/9.3.1/thumb/v7e-m+fp/hard\libgcc.a(_aeabi_uldivmod.o)
                0x00000000080002b0                __aeabi_uldivmod
 .text          0x00000000080002e0      0x2c4 c:/st/stm32cubeide_1.6.1/stm32cubeide/plugins/com.st.stm32cube.ide.mcu.externaltools.gnu-tools-for-stm32.9-2020-q2-update.win32_1.5.0.202011040924/tools/bin/../lib/gcc/arm-none-eabi/9.3.1/thumb/v7e-m+fp/hard\libgcc.a(_udivmoddi4.o)
                0x00000000080002e0                __udivmoddi4
 .text          0x00000000080005a4        0x4 c:/st/stm32cubeide_1.6.1/stm32cubeide/plugins/com.st.stm32cube.ide.mcu.externaltools.gnu-tools-for-stm32.9-2020-q2-update.win32_1.5.0.202011040924/tools/bin/../lib/gcc/arm-none-eabi/9.3.1/thumb/v7e-m+fp/hard\libgcc.a(_dvmd_tls.o)
                0x00000000080005a4                __aeabi_idiv0
                0x00000000080005a4                __aeabi_ldiv0
 *(.text*)
 .text.pushTime
                0x00000000080005a8       0x94 Core/Src/DS3231.o
                0x00000000080005a8                pushTime
 .text.pullTime
                0x000000000800063c       0xa0 Core/Src/DS3231.o
                0x000000000800063c                pullTime
 .text.decToBcd
                0x00000000080006dc       0x4c Core/Src/DS3231.o
                0x00000000080006dc                decToBcd
 .text.bcdToDec
                0x0000000008000728       0x30 Core/Src/DS3231.o
                0x0000000008000728                bcdToDec
 .text.vApplicationGetIdleTaskMemory
                0x0000000008000758       0x34 Core/Src/freertos.o
                0x0000000008000758                vApplicationGetIdleTaskMemory
 .text.main     0x000000000800078c      0x12c Core/Src/main.o
                0x000000000800078c                main
 .text.SystemClock_Config
                0x00000000080008b8       0xe4 Core/Src/main.o
                0x00000000080008b8                SystemClock_Config
 .text.MX_I2C1_Init
                0x000000000800099c       0x5c Core/Src/main.o
 .text.MX_UART4_Init
                0x00000000080009f8       0x54 Core/Src/main.o
 .text.MX_USART2_UART_Init
                0x0000000008000a4c       0x54 Core/Src/main.o
 .text.MX_GPIO_Init
                0x0000000008000aa0       0xdc Core/Src/main.o
 .text.StartWriteOLED
                0x0000000008000b7c       0x90 Core/Src/main.o
                0x0000000008000b7c                StartWriteOLED
 .text.StartReadTime
                0x0000000008000c0c       0x10 Core/Src/main.o
                0x0000000008000c0c                StartReadTime
 .text.StartSongTask
                0x0000000008000c1c       0x20 Core/Src/main.o
                0x0000000008000c1c                StartSongTask
 .text.Startcounter
                0x0000000008000c3c       0x24 Core/Src/main.o
                0x0000000008000c3c                Startcounter
 .text.HAL_TIM_PeriodElapsedCallback
                0x0000000008000c60       0x24 Core/Src/main.o
                0x0000000008000c60                HAL_TIM_PeriodElapsedCallback
 .text.Error_Handler
                0x0000000008000c84        0xa Core/Src/main.o
                0x0000000008000c84                Error_Handler
 .text.ssd1306_WriteCommand
                0x0000000008000c8e       0x2e Core/Src/ssd1306.o
 .text.ssd1306_Init
                0x0000000008000cbc      0x240 Core/Src/ssd1306.o
                0x0000000008000cbc                ssd1306_Init
 .text.ssd1306_Fill
                0x0000000008000efc       0x48 Core/Src/ssd1306.o
                0x0000000008000efc                ssd1306_Fill
 .text.ssd1306_UpdateScreen
                0x0000000008000f44       0x64 Core/Src/ssd1306.o
                0x0000000008000f44                ssd1306_UpdateScreen
 .text.ssd1306_DrawPixel
                0x0000000008000fa8       0xc0 Core/Src/ssd1306.o
                0x0000000008000fa8                ssd1306_DrawPixel
 .text.ssd1306_WriteChar
                0x0000000008001068      0x100 Core/Src/ssd1306.o
                0x0000000008001068                ssd1306_WriteChar
 .text.ssd1306_WriteString
                0x0000000008001168       0x4c Core/Src/ssd1306.o
                0x0000000008001168                ssd1306_WriteString
 .text.ssd1306_SetCursor
                0x00000000080011b4       0x30 Core/Src/ssd1306.o
                0x00000000080011b4                ssd1306_SetCursor
 .text.HAL_MspInit
                0x00000000080011e4       0x58 Core/Src/stm32f4xx_hal_msp.o
                0x00000000080011e4                HAL_MspInit
 .text.HAL_I2C_MspInit
                0x000000000800123c       0x90 Core/Src/stm32f4xx_hal_msp.o
                0x000000000800123c                HAL_I2C_MspInit
 .text.HAL_UART_MspInit
                0x00000000080012cc       0xf8 Core/Src/stm32f4xx_hal_msp.o
                0x00000000080012cc                HAL_UART_MspInit
 .text.HAL_InitTick
                0x00000000080013c4       0xb4 Core/Src/stm32f4xx_hal_timebase_tim.o
                0x00000000080013c4                HAL_InitTick
 .text.NMI_Handler
                0x0000000008001478        0x6 Core/Src/stm32f4xx_it.o
                0x0000000008001478                NMI_Handler
 .text.HardFault_Handler
                0x000000000800147e        0x6 Core/Src/stm32f4xx_it.o
                0x000000000800147e                HardFault_Handler
 .text.MemManage_Handler
                0x0000000008001484        0x6 Core/Src/stm32f4xx_it.o
                0x0000000008001484                MemManage_Handler
 .text.BusFault_Handler
                0x000000000800148a        0x6 Core/Src/stm32f4xx_it.o
                0x000000000800148a                BusFault_Handler
 .text.UsageFault_Handler
                0x0000000008001490        0x6 Core/Src/stm32f4xx_it.o
                0x0000000008001490                UsageFault_Handler
 .text.DebugMon_Handler
                0x0000000008001496        0xe Core/Src/stm32f4xx_it.o
                0x0000000008001496                DebugMon_Handler
 .text.TIM1_UP_TIM10_IRQHandler
                0x00000000080014a4       0x14 Core/Src/stm32f4xx_it.o
                0x00000000080014a4                TIM1_UP_TIM10_IRQHandler
 .text._sbrk    0x00000000080014b8       0x6c Core/Src/sysmem.o
                0x00000000080014b8                _sbrk
 .text.SystemInit
                0x0000000008001524       0x24 Core/Src/system_stm32f4xx.o
                0x0000000008001524                SystemInit
 .text.Reset_Handler
                0x0000000008001548       0x50 Core/Startup/startup_stm32f446retx.o
                0x0000000008001548                Reset_Handler
 .text.Default_Handler
                0x0000000008001598        0x2 Core/Startup/startup_stm32f446retx.o
                0x0000000008001598                RTC_Alarm_IRQHandler
                0x0000000008001598                EXTI2_IRQHandler
                0x0000000008001598                TIM8_CC_IRQHandler
                0x0000000008001598                FMPI2C1_EV_IRQHandler
                0x0000000008001598                SPI4_IRQHandler
                0x0000000008001598                TIM1_CC_IRQHandler
                0x0000000008001598                DMA2_Stream5_IRQHandler
                0x0000000008001598                DMA1_Stream5_IRQHandler
                0x0000000008001598                PVD_IRQHandler
                0x0000000008001598                SDIO_IRQHandler
                0x0000000008001598                TAMP_STAMP_IRQHandler
                0x0000000008001598                CAN2_RX1_IRQHandler
                0x0000000008001598                EXTI3_IRQHandler
                0x0000000008001598                TIM8_TRG_COM_TIM14_IRQHandler
                0x0000000008001598                TIM8_UP_TIM13_IRQHandler
                0x0000000008001598                I2C3_ER_IRQHandler
                0x0000000008001598                EXTI0_IRQHandler
                0x0000000008001598                I2C2_EV_IRQHandler
                0x0000000008001598                DMA1_Stream2_IRQHandler
                0x0000000008001598                CAN1_RX0_IRQHandler
                0x0000000008001598                FPU_IRQHandler
                0x0000000008001598                OTG_HS_WKUP_IRQHandler
                0x0000000008001598                CAN2_SCE_IRQHandler
                0x0000000008001598                DMA2_Stream2_IRQHandler
                0x0000000008001598                SPI1_IRQHandler
                0x0000000008001598                TIM6_DAC_IRQHandler
                0x0000000008001598                TIM1_BRK_TIM9_IRQHandler
                0x0000000008001598                DCMI_IRQHandler
                0x0000000008001598                CAN2_RX0_IRQHandler
                0x0000000008001598                DMA2_Stream3_IRQHandler
                0x0000000008001598                SAI2_IRQHandler
                0x0000000008001598                USART6_IRQHandler
                0x0000000008001598                USART3_IRQHandler
                0x0000000008001598                CAN1_RX1_IRQHandler
                0x0000000008001598                UART5_IRQHandler
                0x0000000008001598                DMA2_Stream0_IRQHandler
                0x0000000008001598                TIM4_IRQHandler
                0x0000000008001598                QUADSPI_IRQHandler
                0x0000000008001598                I2C1_EV_IRQHandler
                0x0000000008001598                DMA1_Stream6_IRQHandler
                0x0000000008001598                DMA1_Stream1_IRQHandler
                0x0000000008001598                UART4_IRQHandler
                0x0000000008001598                TIM3_IRQHandler
                0x0000000008001598                RCC_IRQHandler
                0x0000000008001598                TIM8_BRK_TIM12_IRQHandler
                0x0000000008001598                Default_Handler
                0x0000000008001598                CEC_IRQHandler
                0x0000000008001598                EXTI15_10_IRQHandler
                0x0000000008001598                ADC_IRQHandler
                0x0000000008001598                DMA1_Stream7_IRQHandler
                0x0000000008001598                TIM7_IRQHandler
                0x0000000008001598                CAN2_TX_IRQHandler
                0x0000000008001598                TIM5_IRQHandler
                0x0000000008001598                DMA2_Stream7_IRQHandler
                0x0000000008001598                I2C3_EV_IRQHandler
                0x0000000008001598                EXTI9_5_IRQHandler
                0x0000000008001598                RTC_WKUP_IRQHandler
                0x0000000008001598                SPDIF_RX_IRQHandler
                0x0000000008001598                SPI2_IRQHandler
                0x0000000008001598                OTG_HS_EP1_IN_IRQHandler
                0x0000000008001598                DMA1_Stream0_IRQHandler
                0x0000000008001598                CAN1_TX_IRQHandler
                0x0000000008001598                FMPI2C1_ER_IRQHandler
                0x0000000008001598                EXTI4_IRQHandler
                0x0000000008001598                OTG_HS_EP1_OUT_IRQHandler
                0x0000000008001598                WWDG_IRQHandler
                0x0000000008001598                TIM2_IRQHandler
                0x0000000008001598                OTG_FS_WKUP_IRQHandler
                0x0000000008001598                TIM1_TRG_COM_TIM11_IRQHandler
                0x0000000008001598                OTG_HS_IRQHandler
                0x0000000008001598                EXTI1_IRQHandler
                0x0000000008001598                USART2_IRQHandler
                0x0000000008001598                I2C2_ER_IRQHandler
                0x0000000008001598                DMA2_Stream1_IRQHandler
                0x0000000008001598                CAN1_SCE_IRQHandler
                0x0000000008001598                FLASH_IRQHandler
                0x0000000008001598                DMA2_Stream4_IRQHandler
                0x0000000008001598                USART1_IRQHandler
                0x0000000008001598                OTG_FS_IRQHandler
                0x0000000008001598                SPI3_IRQHandler
                0x0000000008001598                DMA1_Stream4_IRQHandler
                0x0000000008001598                I2C1_ER_IRQHandler
                0x0000000008001598                FMC_IRQHandler
                0x0000000008001598                DMA2_Stream6_IRQHandler
                0x0000000008001598                SAI1_IRQHandler
                0x0000000008001598                DMA1_Stream3_IRQHandler
 *fill*         0x000000000800159a        0x2 
 .text.HAL_Init
                0x000000000800159c       0x44 Drivers/STM32F4xx_HAL_Driver/Src/stm32f4xx_hal.o
                0x000000000800159c                HAL_Init
 .text.HAL_IncTick
                0x00000000080015e0       0x28 Drivers/STM32F4xx_HAL_Driver/Src/stm32f4xx_hal.o
                0x00000000080015e0                HAL_IncTick
 .text.HAL_GetTick
                0x0000000008001608       0x18 Drivers/STM32F4xx_HAL_Driver/Src/stm32f4xx_hal.o
                0x0000000008001608                HAL_GetTick
 .text.HAL_Delay
                0x0000000008001620       0x48 Drivers/STM32F4xx_HAL_Driver/Src/stm32f4xx_hal.o
                0x0000000008001620                HAL_Delay
 .text.__NVIC_SetPriorityGrouping
                0x0000000008001668       0x48 Drivers/STM32F4xx_HAL_Driver/Src/stm32f4xx_hal_cortex.o
 .text.__NVIC_GetPriorityGrouping
                0x00000000080016b0       0x1c Drivers/STM32F4xx_HAL_Driver/Src/stm32f4xx_hal_cortex.o
 .text.__NVIC_EnableIRQ
                0x00000000080016cc       0x3c Drivers/STM32F4xx_HAL_Driver/Src/stm32f4xx_hal_cortex.o
 .text.__NVIC_SetPriority
                0x0000000008001708       0x54 Drivers/STM32F4xx_HAL_Driver/Src/stm32f4xx_hal_cortex.o
 .text.NVIC_EncodePriority
                0x000000000800175c       0x66 Drivers/STM32F4xx_HAL_Driver/Src/stm32f4xx_hal_cortex.o
 .text.HAL_NVIC_SetPriorityGrouping
                0x00000000080017c2       0x16 Drivers/STM32F4xx_HAL_Driver/Src/stm32f4xx_hal_cortex.o
                0x00000000080017c2                HAL_NVIC_SetPriorityGrouping
 .text.HAL_NVIC_SetPriority
                0x00000000080017d8       0x38 Drivers/STM32F4xx_HAL_Driver/Src/stm32f4xx_hal_cortex.o
                0x00000000080017d8                HAL_NVIC_SetPriority
 .text.HAL_NVIC_EnableIRQ
                0x0000000008001810       0x1c Drivers/STM32F4xx_HAL_Driver/Src/stm32f4xx_hal_cortex.o
                0x0000000008001810                HAL_NVIC_EnableIRQ
 .text.HAL_GPIO_Init
                0x000000000800182c      0x328 Drivers/STM32F4xx_HAL_Driver/Src/stm32f4xx_hal_gpio.o
                0x000000000800182c                HAL_GPIO_Init
 .text.HAL_GPIO_WritePin
                0x0000000008001b54       0x32 Drivers/STM32F4xx_HAL_Driver/Src/stm32f4xx_hal_gpio.o
                0x0000000008001b54                HAL_GPIO_WritePin
 .text.HAL_GPIO_TogglePin
                0x0000000008001b86       0x34 Drivers/STM32F4xx_HAL_Driver/Src/stm32f4xx_hal_gpio.o
                0x0000000008001b86                HAL_GPIO_TogglePin
 *fill*         0x0000000008001bba        0x2 
 .text.HAL_I2C_Init
                0x0000000008001bbc      0x288 Drivers/STM32F4xx_HAL_Driver/Src/stm32f4xx_hal_i2c.o
                0x0000000008001bbc                HAL_I2C_Init
 .text.HAL_I2C_Mem_Write
                0x0000000008001e44      0x1f4 Drivers/STM32F4xx_HAL_Driver/Src/stm32f4xx_hal_i2c.o
                0x0000000008001e44                HAL_I2C_Mem_Write
 .text.HAL_I2C_Mem_Read
                0x0000000008002038      0x44c Drivers/STM32F4xx_HAL_Driver/Src/stm32f4xx_hal_i2c.o
                0x0000000008002038                HAL_I2C_Mem_Read
 .text.I2C_RequestMemoryWrite
                0x0000000008002484      0x12c Drivers/STM32F4xx_HAL_Driver/Src/stm32f4xx_hal_i2c.o
 .text.I2C_RequestMemoryRead
                0x00000000080025b0      0x1d0 Drivers/STM32F4xx_HAL_Driver/Src/stm32f4xx_hal_i2c.o
 .text.I2C_WaitOnFlagUntilTimeout
                0x0000000008002780       0xae Drivers/STM32F4xx_HAL_Driver/Src/stm32f4xx_hal_i2c.o
 .text.I2C_WaitOnMasterAddressFlagUntilTimeout
                0x000000000800282e       0xfe Drivers/STM32F4xx_HAL_Driver/Src/stm32f4xx_hal_i2c.o
 .text.I2C_WaitOnTXEFlagUntilTimeout
                0x000000000800292c       0x82 Drivers/STM32F4xx_HAL_Driver/Src/stm32f4xx_hal_i2c.o
 .text.I2C_WaitOnBTFFlagUntilTimeout
                0x00000000080029ae       0x82 Drivers/STM32F4xx_HAL_Driver/Src/stm32f4xx_hal_i2c.o
 .text.I2C_WaitOnRXNEFlagUntilTimeout
                0x0000000008002a30       0xac Drivers/STM32F4xx_HAL_Driver/Src/stm32f4xx_hal_i2c.o
 .text.I2C_IsAcknowledgeFailed
                0x0000000008002adc       0x5e Drivers/STM32F4xx_HAL_Driver/Src/stm32f4xx_hal_i2c.o
 *fill*         0x0000000008002b3a        0x2 
 .text.HAL_PWREx_EnableOverDrive
                0x0000000008002b3c       0xa0 Drivers/STM32F4xx_HAL_Driver/Src/stm32f4xx_hal_pwr_ex.o
                0x0000000008002b3c                HAL_PWREx_EnableOverDrive
 .text.HAL_RCC_ClockConfig
                0x0000000008002bdc      0x1cc Drivers/STM32F4xx_HAL_Driver/Src/stm32f4xx_hal_rcc.o
                0x0000000008002bdc                HAL_RCC_ClockConfig
 .text.HAL_RCC_GetHCLKFreq
                0x0000000008002da8       0x18 Drivers/STM32F4xx_HAL_Driver/Src/stm32f4xx_hal_rcc.o
                0x0000000008002da8                HAL_RCC_GetHCLKFreq
 .text.HAL_RCC_GetPCLK1Freq
                0x0000000008002dc0       0x28 Drivers/STM32F4xx_HAL_Driver/Src/stm32f4xx_hal_rcc.o
                0x0000000008002dc0                HAL_RCC_GetPCLK1Freq
 .text.HAL_RCC_GetPCLK2Freq
                0x0000000008002de8       0x28 Drivers/STM32F4xx_HAL_Driver/Src/stm32f4xx_hal_rcc.o
                0x0000000008002de8                HAL_RCC_GetPCLK2Freq
 .text.HAL_RCC_GetClockConfig
                0x0000000008002e10       0x64 Drivers/STM32F4xx_HAL_Driver/Src/stm32f4xx_hal_rcc.o
                0x0000000008002e10                HAL_RCC_GetClockConfig
 .text.HAL_RCC_GetSysClockFreq
                0x0000000008002e74      0x364 Drivers/STM32F4xx_HAL_Driver/Src/stm32f4xx_hal_rcc_ex.o
                0x0000000008002e74                HAL_RCC_GetSysClockFreq
 .text.HAL_RCC_OscConfig
                0x00000000080031d8      0x53c Drivers/STM32F4xx_HAL_Driver/Src/stm32f4xx_hal_rcc_ex.o
                0x00000000080031d8                HAL_RCC_OscConfig
 .text.HAL_TIM_Base_Init
                0x0000000008003714       0x9e Drivers/STM32F4xx_HAL_Driver/Src/stm32f4xx_hal_tim.o
                0x0000000008003714                HAL_TIM_Base_Init
 .text.HAL_TIM_Base_MspInit
                0x00000000080037b2       0x14 Drivers/STM32F4xx_HAL_Driver/Src/stm32f4xx_hal_tim.o
                0x00000000080037b2                HAL_TIM_Base_MspInit
 *fill*         0x00000000080037c6        0x2 
 .text.HAL_TIM_Base_Start_IT
                0x00000000080037c8       0xe0 Drivers/STM32F4xx_HAL_Driver/Src/stm32f4xx_hal_tim.o
                0x00000000080037c8                HAL_TIM_Base_Start_IT
 .text.HAL_TIM_IRQHandler
                0x00000000080038a8      0x210 Drivers/STM32F4xx_HAL_Driver/Src/stm32f4xx_hal_tim.o
                0x00000000080038a8                HAL_TIM_IRQHandler
 .text.HAL_TIM_OC_DelayElapsedCallback
                0x0000000008003ab8       0x14 Drivers/STM32F4xx_HAL_Driver/Src/stm32f4xx_hal_tim.o
                0x0000000008003ab8                HAL_TIM_OC_DelayElapsedCallback
 .text.HAL_TIM_IC_CaptureCallback
                0x0000000008003acc       0x14 Drivers/STM32F4xx_HAL_Driver/Src/stm32f4xx_hal_tim.o
                0x0000000008003acc                HAL_TIM_IC_CaptureCallback
 .text.HAL_TIM_PWM_PulseFinishedCallback
                0x0000000008003ae0       0x14 Drivers/STM32F4xx_HAL_Driver/Src/stm32f4xx_hal_tim.o
                0x0000000008003ae0                HAL_TIM_PWM_PulseFinishedCallback
 .text.HAL_TIM_TriggerCallback
                0x0000000008003af4       0x14 Drivers/STM32F4xx_HAL_Driver/Src/stm32f4xx_hal_tim.o
                0x0000000008003af4                HAL_TIM_TriggerCallback
 .text.TIM_Base_SetConfig
                0x0000000008003b08      0x140 Drivers/STM32F4xx_HAL_Driver/Src/stm32f4xx_hal_tim.o
                0x0000000008003b08                TIM_Base_SetConfig
 .text.HAL_TIMEx_CommutCallback
                0x0000000008003c48       0x14 Drivers/STM32F4xx_HAL_Driver/Src/stm32f4xx_hal_tim_ex.o
                0x0000000008003c48                HAL_TIMEx_CommutCallback
 .text.HAL_TIMEx_BreakCallback
                0x0000000008003c5c       0x14 Drivers/STM32F4xx_HAL_Driver/Src/stm32f4xx_hal_tim_ex.o
                0x0000000008003c5c                HAL_TIMEx_BreakCallback
 .text.HAL_UART_Init
                0x0000000008003c70       0x9a Drivers/STM32F4xx_HAL_Driver/Src/stm32f4xx_hal_uart.o
                0x0000000008003c70                HAL_UART_Init
 *fill*         0x0000000008003d0a        0x2 
 .text.UART_SetConfig
                0x0000000008003d0c      0x390 Drivers/STM32F4xx_HAL_Driver/Src/stm32f4xx_hal_uart.o
 .text.makeFreeRtosPriority
                0x000000000800409c       0x30 Middlewares/Third_Party/FreeRTOS/Source/CMSIS_RTOS/cmsis_os.o
 .text.osKernelStart
                0x00000000080040cc        0xe Middlewares/Third_Party/FreeRTOS/Source/CMSIS_RTOS/cmsis_os.o
                0x00000000080040cc                osKernelStart
 .text.osThreadCreate
                0x00000000080040da       0x98 Middlewares/Third_Party/FreeRTOS/Source/CMSIS_RTOS/cmsis_os.o
                0x00000000080040da                osThreadCreate
 .text.osDelay  0x0000000008004172       0x28 Middlewares/Third_Party/FreeRTOS/Source/CMSIS_RTOS/cmsis_os.o
                0x0000000008004172                osDelay
 .text.vListInitialise
                0x000000000800419a       0x40 Middlewares/Third_Party/FreeRTOS/Source/list.o
                0x000000000800419a                vListInitialise
 .text.vListInitialiseItem
                0x00000000080041da       0x1a Middlewares/Third_Party/FreeRTOS/Source/list.o
                0x00000000080041da                vListInitialiseItem
 .text.vListInsertEnd
                0x00000000080041f4       0x48 Middlewares/Third_Party/FreeRTOS/Source/list.o
                0x00000000080041f4                vListInsertEnd
 .text.vListInsert
                0x000000000800423c       0x72 Middlewares/Third_Party/FreeRTOS/Source/list.o
                0x000000000800423c                vListInsert
 .text.uxListRemove
                0x00000000080042ae       0x54 Middlewares/Third_Party/FreeRTOS/Source/list.o
                0x00000000080042ae                uxListRemove
 .text.xTaskCreateStatic
                0x0000000008004302       0xba Middlewares/Third_Party/FreeRTOS/Source/tasks.o
                0x0000000008004302                xTaskCreateStatic
 .text.xTaskCreate
                0x00000000080043bc       0x8a Middlewares/Third_Party/FreeRTOS/Source/tasks.o
                0x00000000080043bc                xTaskCreate
 .text.prvInitialiseNewTask
                0x0000000008004446      0x10e Middlewares/Third_Party/FreeRTOS/Source/tasks.o
 .text.prvAddNewTaskToReadyList
                0x0000000008004554       0xd4 Middlewares/Third_Party/FreeRTOS/Source/tasks.o
 .text.vTaskDelay
                0x0000000008004628       0x68 Middlewares/Third_Party/FreeRTOS/Source/tasks.o
                0x0000000008004628                vTaskDelay
 .text.vTaskStartScheduler
                0x0000000008004690       0xc0 Middlewares/Third_Party/FreeRTOS/Source/tasks.o
                0x0000000008004690                vTaskStartScheduler
 .text.vTaskSuspendAll
                0x0000000008004750       0x1c Middlewares/Third_Party/FreeRTOS/Source/tasks.o
                0x0000000008004750                vTaskSuspendAll
 .text.xTaskResumeAll
                0x000000000800476c      0x138 Middlewares/Third_Party/FreeRTOS/Source/tasks.o
                0x000000000800476c                xTaskResumeAll
 .text.xTaskIncrementTick
                0x00000000080048a4      0x170 Middlewares/Third_Party/FreeRTOS/Source/tasks.o
                0x00000000080048a4                xTaskIncrementTick
 .text.vTaskSwitchContext
                0x0000000008004a14       0xb8 Middlewares/Third_Party/FreeRTOS/Source/tasks.o
                0x0000000008004a14                vTaskSwitchContext
 .text.prvIdleTask
                0x0000000008004acc       0x30 Middlewares/Third_Party/FreeRTOS/Source/tasks.o
 .text.prvInitialiseTaskLists
                0x0000000008004afc       0x80 Middlewares/Third_Party/FreeRTOS/Source/tasks.o
 .text.prvCheckTasksWaitingTermination
                0x0000000008004b7c       0x5c Middlewares/Third_Party/FreeRTOS/Source/tasks.o
 .text.prvDeleteTCB
                0x0000000008004bd8       0x5e Middlewares/Third_Party/FreeRTOS/Source/tasks.o
 *fill*         0x0000000008004c36        0x2 
 .text.prvResetNextTaskUnblockTime
                0x0000000008004c38       0x40 Middlewares/Third_Party/FreeRTOS/Source/tasks.o
 .text.prvAddCurrentTaskToDelayedList
                0x0000000008004c78       0xcc Middlewares/Third_Party/FreeRTOS/Source/tasks.o
 .text.pxPortInitialiseStack
                0x0000000008004d44       0x68 Middlewares/Third_Party/FreeRTOS/Source/portable/GCC/ARM_CM4F/port.o
                0x0000000008004d44                pxPortInitialiseStack
 .text.prvTaskExitError
                0x0000000008004dac       0x58 Middlewares/Third_Party/FreeRTOS/Source/portable/GCC/ARM_CM4F/port.o
 *fill*         0x0000000008004e04        0xc 
 .text.SVC_Handler
                0x0000000008004e10       0x28 Middlewares/Third_Party/FreeRTOS/Source/portable/GCC/ARM_CM4F/port.o
                0x0000000008004e10                SVC_Handler
 .text.prvPortStartFirstTask
                0x0000000008004e38       0x28 Middlewares/Third_Party/FreeRTOS/Source/portable/GCC/ARM_CM4F/port.o
 .text.xPortStartScheduler
                0x0000000008004e60      0x144 Middlewares/Third_Party/FreeRTOS/Source/portable/GCC/ARM_CM4F/port.o
                0x0000000008004e60                xPortStartScheduler
 .text.vPortEnterCritical
                0x0000000008004fa4       0x60 Middlewares/Third_Party/FreeRTOS/Source/portable/GCC/ARM_CM4F/port.o
                0x0000000008004fa4                vPortEnterCritical
 .text.vPortExitCritical
                0x0000000008005004       0x54 Middlewares/Third_Party/FreeRTOS/Source/portable/GCC/ARM_CM4F/port.o
                0x0000000008005004                vPortExitCritical
 *fill*         0x0000000008005058        0x8 
 .text.PendSV_Handler
                0x0000000008005060       0x68 Middlewares/Third_Party/FreeRTOS/Source/portable/GCC/ARM_CM4F/port.o
                0x0000000008005060                PendSV_Handler
 .text.SysTick_Handler
                0x00000000080050c8       0x44 Middlewares/Third_Party/FreeRTOS/Source/portable/GCC/ARM_CM4F/port.o
                0x00000000080050c8                SysTick_Handler
 .text.vPortSetupTimerInterrupt
                0x000000000800510c       0x48 Middlewares/Third_Party/FreeRTOS/Source/portable/GCC/ARM_CM4F/port.o
                0x000000000800510c                vPortSetupTimerInterrupt
 .text.vPortEnableVFP
                0x0000000008005154       0x14 Middlewares/Third_Party/FreeRTOS/Source/portable/GCC/ARM_CM4F/port.o
 .text.pvPortMalloc
                0x0000000008005168      0x198 Middlewares/Third_Party/FreeRTOS/Source/portable/MemMang/heap_4.o
                0x0000000008005168                pvPortMalloc
 .text.vPortFree
                0x0000000008005300       0xc4 Middlewares/Third_Party/FreeRTOS/Source/portable/MemMang/heap_4.o
                0x0000000008005300                vPortFree
 .text.prvHeapInit
                0x00000000080053c4       0xc4 Middlewares/Third_Party/FreeRTOS/Source/portable/MemMang/heap_4.o
 .text.prvInsertBlockIntoFreeList
                0x0000000008005488       0xb4 Middlewares/Third_Party/FreeRTOS/Source/portable/MemMang/heap_4.o
 .text.__errno  0x000000000800553c        0xc c:/st/stm32cubeide_1.6.1/stm32cubeide/plugins/com.st.stm32cube.ide.mcu.externaltools.gnu-tools-for-stm32.9-2020-q2-update.win32_1.5.0.202011040924/tools/bin/../lib/gcc/arm-none-eabi/9.3.1/../../../../arm-none-eabi/lib/thumb/v7e-m+fp/hard\libc_nano.a(lib_a-errno.o)
                0x000000000800553c                __errno
 .text.__libc_init_array
                0x0000000008005548       0x48 c:/st/stm32cubeide_1.6.1/stm32cubeide/plugins/com.st.stm32cube.ide.mcu.externaltools.gnu-tools-for-stm32.9-2020-q2-update.win32_1.5.0.202011040924/tools/bin/../lib/gcc/arm-none-eabi/9.3.1/../../../../arm-none-eabi/lib/thumb/v7e-m+fp/hard\libc_nano.a(lib_a-init.o)
                0x0000000008005548                __libc_init_array
 .text.memcpy   0x0000000008005590       0x1c c:/st/stm32cubeide_1.6.1/stm32cubeide/plugins/com.st.stm32cube.ide.mcu.externaltools.gnu-tools-for-stm32.9-2020-q2-update.win32_1.5.0.202011040924/tools/bin/../lib/gcc/arm-none-eabi/9.3.1/../../../../arm-none-eabi/lib/thumb/v7e-m+fp/hard\libc_nano.a(lib_a-memcpy-stub.o)
                0x0000000008005590                memcpy
 .text.memset   0x00000000080055ac       0x10 c:/st/stm32cubeide_1.6.1/stm32cubeide/plugins/com.st.stm32cube.ide.mcu.externaltools.gnu-tools-for-stm32.9-2020-q2-update.win32_1.5.0.202011040924/tools/bin/../lib/gcc/arm-none-eabi/9.3.1/../../../../arm-none-eabi/lib/thumb/v7e-m+fp/hard\libc_nano.a(lib_a-memset.o)
                0x00000000080055ac                memset
 .text.sprintf  0x00000000080055bc       0x40 c:/st/stm32cubeide_1.6.1/stm32cubeide/plugins/com.st.stm32cube.ide.mcu.externaltools.gnu-tools-for-stm32.9-2020-q2-update.win32_1.5.0.202011040924/tools/bin/../lib/gcc/arm-none-eabi/9.3.1/../../../../arm-none-eabi/lib/thumb/v7e-m+fp/hard\libc_nano.a(lib_a-sprintf.o)
                0x00000000080055bc                siprintf
                0x00000000080055bc                sprintf
 .text.__ssputs_r
                0x00000000080055fc       0xb6 c:/st/stm32cubeide_1.6.1/stm32cubeide/plugins/com.st.stm32cube.ide.mcu.externaltools.gnu-tools-for-stm32.9-2020-q2-update.win32_1.5.0.202011040924/tools/bin/../lib/gcc/arm-none-eabi/9.3.1/../../../../arm-none-eabi/lib/thumb/v7e-m+fp/hard\libc_nano.a(lib_a-nano-svfprintf.o)
                0x00000000080055fc                __ssputs_r
 *fill*         0x00000000080056b2        0x2 
 .text._svfprintf_r
                0x00000000080056b4      0x200 c:/st/stm32cubeide_1.6.1/stm32cubeide/plugins/com.st.stm32cube.ide.mcu.externaltools.gnu-tools-for-stm32.9-2020-q2-update.win32_1.5.0.202011040924/tools/bin/../lib/gcc/arm-none-eabi/9.3.1/../../../../arm-none-eabi/lib/thumb/v7e-m+fp/hard\libc_nano.a(lib_a-nano-svfprintf.o)
                0x00000000080056b4                _svfiprintf_r
                0x00000000080056b4                _svfprintf_r
 .text._printf_common
                0x00000000080058b4       0xda c:/st/stm32cubeide_1.6.1/stm32cubeide/plugins/com.st.stm32cube.ide.mcu.externaltools.gnu-tools-for-stm32.9-2020-q2-update.win32_1.5.0.202011040924/tools/bin/../lib/gcc/arm-none-eabi/9.3.1/../../../../arm-none-eabi/lib/thumb/v7e-m+fp/hard\libc_nano.a(lib_a-nano-vfprintf_i.o)
                0x00000000080058b4                _printf_common
 *fill*         0x000000000800598e        0x2 
 .text._printf_i
                0x0000000008005990      0x24c c:/st/stm32cubeide_1.6.1/stm32cubeide/plugins/com.st.stm32cube.ide.mcu.externaltools.gnu-tools-for-stm32.9-2020-q2-update.win32_1.5.0.202011040924/tools/bin/../lib/gcc/arm-none-eabi/9.3.1/../../../../arm-none-eabi/lib/thumb/v7e-m+fp/hard\libc_nano.a(lib_a-nano-vfprintf_i.o)
                0x0000000008005990                _printf_i
 .text.memmove  0x0000000008005bdc       0x34 c:/st/stm32cubeide_1.6.1/stm32cubeide/plugins/com.st.stm32cube.ide.mcu.externaltools.gnu-tools-for-stm32.9-2020-q2-update.win32_1.5.0.202011040924/tools/bin/../lib/gcc/arm-none-eabi/9.3.1/../../../../arm-none-eabi/lib/thumb/v7e-m+fp/hard\libc_nano.a(lib_a-memmove.o)
                0x0000000008005bdc                memmove
 .text._free_r  0x0000000008005c10       0xa0 c:/st/stm32cubeide_1.6.1/stm32cubeide/plugins/com.st.stm32cube.ide.mcu.externaltools.gnu-tools-for-stm32.9-2020-q2-update.win32_1.5.0.202011040924/tools/bin/../lib/gcc/arm-none-eabi/9.3.1/../../../../arm-none-eabi/lib/thumb/v7e-m+fp/hard\libc_nano.a(lib_a-nano-freer.o)
                0x0000000008005c10                _free_r
 .text._malloc_r
                0x0000000008005cb0       0xb4 c:/st/stm32cubeide_1.6.1/stm32cubeide/plugins/com.st.stm32cube.ide.mcu.externaltools.gnu-tools-for-stm32.9-2020-q2-update.win32_1.5.0.202011040924/tools/bin/../lib/gcc/arm-none-eabi/9.3.1/../../../../arm-none-eabi/lib/thumb/v7e-m+fp/hard\libc_nano.a(lib_a-nano-mallocr.o)
                0x0000000008005cb0                _malloc_r
 .text._realloc_r
                0x0000000008005d64       0x4c c:/st/stm32cubeide_1.6.1/stm32cubeide/plugins/com.st.stm32cube.ide.mcu.externaltools.gnu-tools-for-stm32.9-2020-q2-update.win32_1.5.0.202011040924/tools/bin/../lib/gcc/arm-none-eabi/9.3.1/../../../../arm-none-eabi/lib/thumb/v7e-m+fp/hard\libc_nano.a(lib_a-nano-reallocr.o)
                0x0000000008005d64                _realloc_r
 .text._sbrk_r  0x0000000008005db0       0x20 c:/st/stm32cubeide_1.6.1/stm32cubeide/plugins/com.st.stm32cube.ide.mcu.externaltools.gnu-tools-for-stm32.9-2020-q2-update.win32_1.5.0.202011040924/tools/bin/../lib/gcc/arm-none-eabi/9.3.1/../../../../arm-none-eabi/lib/thumb/v7e-m+fp/hard\libc_nano.a(lib_a-sbrkr.o)
                0x0000000008005db0                _sbrk_r
 .text.__malloc_lock
                0x0000000008005dd0        0xc c:/st/stm32cubeide_1.6.1/stm32cubeide/plugins/com.st.stm32cube.ide.mcu.externaltools.gnu-tools-for-stm32.9-2020-q2-update.win32_1.5.0.202011040924/tools/bin/../lib/gcc/arm-none-eabi/9.3.1/../../../../arm-none-eabi/lib/thumb/v7e-m+fp/hard\libc_nano.a(lib_a-mlock.o)
                0x0000000008005dd0                __malloc_lock
 .text.__malloc_unlock
                0x0000000008005ddc        0xc c:/st/stm32cubeide_1.6.1/stm32cubeide/plugins/com.st.stm32cube.ide.mcu.externaltools.gnu-tools-for-stm32.9-2020-q2-update.win32_1.5.0.202011040924/tools/bin/../lib/gcc/arm-none-eabi/9.3.1/../../../../arm-none-eabi/lib/thumb/v7e-m+fp/hard\libc_nano.a(lib_a-mlock.o)
                0x0000000008005ddc                __malloc_unlock
 .text._malloc_usable_size_r
                0x0000000008005de8       0x10 c:/st/stm32cubeide_1.6.1/stm32cubeide/plugins/com.st.stm32cube.ide.mcu.externaltools.gnu-tools-for-stm32.9-2020-q2-update.win32_1.5.0.202011040924/tools/bin/../lib/gcc/arm-none-eabi/9.3.1/../../../../arm-none-eabi/lib/thumb/v7e-m+fp/hard\libc_nano.a(lib_a-nano-msizer.o)
                0x0000000008005de8                _malloc_usable_size_r
 .text.__retarget_lock_acquire_recursive
                0x0000000008005df8        0x2 c:/st/stm32cubeide_1.6.1/stm32cubeide/plugins/com.st.stm32cube.ide.mcu.externaltools.gnu-tools-for-stm32.9-2020-q2-update.win32_1.5.0.202011040924/tools/bin/../lib/gcc/arm-none-eabi/9.3.1/../../../../arm-none-eabi/lib/thumb/v7e-m+fp/hard\libc_nano.a(lib_a-lock.o)
                0x0000000008005df8                __retarget_lock_acquire_recursive
 .text.__retarget_lock_release_recursive
                0x0000000008005dfa        0x2 c:/st/stm32cubeide_1.6.1/stm32cubeide/plugins/com.st.stm32cube.ide.mcu.externaltools.gnu-tools-for-stm32.9-2020-q2-update.win32_1.5.0.202011040924/tools/bin/../lib/gcc/arm-none-eabi/9.3.1/../../../../arm-none-eabi/lib/thumb/v7e-m+fp/hard\libc_nano.a(lib_a-lock.o)
                0x0000000008005dfa                __retarget_lock_release_recursive
 *(.glue_7)
 .glue_7        0x0000000008005dfc        0x0 linker stubs
 *(.glue_7t)
 .glue_7t       0x0000000008005dfc        0x0 linker stubs
 *(.eh_frame)
 .eh_frame      0x0000000008005dfc        0x0 c:/st/stm32cubeide_1.6.1/stm32cubeide/plugins/com.st.stm32cube.ide.mcu.externaltools.gnu-tools-for-stm32.9-2020-q2-update.win32_1.5.0.202011040924/tools/bin/../lib/gcc/arm-none-eabi/9.3.1/thumb/v7e-m+fp/hard/crtbegin.o
 *(.init)
 .init          0x0000000008005dfc        0x4 c:/st/stm32cubeide_1.6.1/stm32cubeide/plugins/com.st.stm32cube.ide.mcu.externaltools.gnu-tools-for-stm32.9-2020-q2-update.win32_1.5.0.202011040924/tools/bin/../lib/gcc/arm-none-eabi/9.3.1/thumb/v7e-m+fp/hard/crti.o
                0x0000000008005dfc                _init
 .init          0x0000000008005e00        0x8 c:/st/stm32cubeide_1.6.1/stm32cubeide/plugins/com.st.stm32cube.ide.mcu.externaltools.gnu-tools-for-stm32.9-2020-q2-update.win32_1.5.0.202011040924/tools/bin/../lib/gcc/arm-none-eabi/9.3.1/thumb/v7e-m+fp/hard/crtn.o
 *(.fini)
 .fini          0x0000000008005e08        0x4 c:/st/stm32cubeide_1.6.1/stm32cubeide/plugins/com.st.stm32cube.ide.mcu.externaltools.gnu-tools-for-stm32.9-2020-q2-update.win32_1.5.0.202011040924/tools/bin/../lib/gcc/arm-none-eabi/9.3.1/thumb/v7e-m+fp/hard/crti.o
                0x0000000008005e08                _fini
 .fini          0x0000000008005e0c        0x8 c:/st/stm32cubeide_1.6.1/stm32cubeide/plugins/com.st.stm32cube.ide.mcu.externaltools.gnu-tools-for-stm32.9-2020-q2-update.win32_1.5.0.202011040924/tools/bin/../lib/gcc/arm-none-eabi/9.3.1/thumb/v7e-m+fp/hard/crtn.o
                0x0000000008005e14                . = ALIGN (0x4)
                0x0000000008005e14                _etext = .

.vfp11_veneer   0x0000000008005e14        0x0
 .vfp11_veneer  0x0000000008005e14        0x0 linker stubs

.v4_bx          0x0000000008005e14        0x0
 .v4_bx         0x0000000008005e14        0x0 linker stubs

.iplt           0x0000000008005e14        0x0
 .iplt          0x0000000008005e14        0x0 c:/st/stm32cubeide_1.6.1/stm32cubeide/plugins/com.st.stm32cube.ide.mcu.externaltools.gnu-tools-for-stm32.9-2020-q2-update.win32_1.5.0.202011040924/tools/bin/../lib/gcc/arm-none-eabi/9.3.1/thumb/v7e-m+fp/hard/crtbegin.o

.rodata         0x0000000008005e14      0xe60
                0x0000000008005e14                . = ALIGN (0x4)
 *(.rodata)
 .rodata        0x0000000008005e14       0xb0 Core/Src/main.o
 .rodata        0x0000000008005ec4        0x5 Middlewares/Third_Party/FreeRTOS/Source/tasks.o
 *(.rodata*)
 *fill*         0x0000000008005ec9        0x3 
 .rodata.Font11x18
                0x0000000008005ecc      0xd5c Core/Src/fonts.o
 .rodata.AHBPrescTable
                0x0000000008006c28       0x10 Core/Src/system_stm32f4xx.o
                0x0000000008006c28                AHBPrescTable
 .rodata.APBPrescTable
                0x0000000008006c38        0x8 Core/Src/system_stm32f4xx.o
                0x0000000008006c38                APBPrescTable
 .rodata._svfprintf_r.str1.1
                0x0000000008006c40       0x11 c:/st/stm32cubeide_1.6.1/stm32cubeide/plugins/com.st.stm32cube.ide.mcu.externaltools.gnu-tools-for-stm32.9-2020-q2-update.win32_1.5.0.202011040924/tools/bin/../lib/gcc/arm-none-eabi/9.3.1/../../../../arm-none-eabi/lib/thumb/v7e-m+fp/hard\libc_nano.a(lib_a-nano-svfprintf.o)
 .rodata._printf_i.str1.1
                0x0000000008006c51       0x22 c:/st/stm32cubeide_1.6.1/stm32cubeide/plugins/com.st.stm32cube.ide.mcu.externaltools.gnu-tools-for-stm32.9-2020-q2-update.win32_1.5.0.202011040924/tools/bin/../lib/gcc/arm-none-eabi/9.3.1/../../../../arm-none-eabi/lib/thumb/v7e-m+fp/hard\libc_nano.a(lib_a-nano-vfprintf_i.o)
                0x0000000008006c74                . = ALIGN (0x4)
 *fill*         0x0000000008006c73        0x1 

.ARM.extab      0x0000000008006c74        0x0
                0x0000000008006c74                . = ALIGN (0x4)
 *(.ARM.extab* .gnu.linkonce.armextab.*)
                0x0000000008006c74                . = ALIGN (0x4)

.ARM            0x0000000008006c74        0x8
                0x0000000008006c74                . = ALIGN (0x4)
                0x0000000008006c74                __exidx_start = .
 *(.ARM.exidx*)
 .ARM.exidx     0x0000000008006c74        0x8 c:/st/stm32cubeide_1.6.1/stm32cubeide/plugins/com.st.stm32cube.ide.mcu.externaltools.gnu-tools-for-stm32.9-2020-q2-update.win32_1.5.0.202011040924/tools/bin/../lib/gcc/arm-none-eabi/9.3.1/thumb/v7e-m+fp/hard\libgcc.a(_udivmoddi4.o)
                0x0000000008006c7c                __exidx_end = .
                0x0000000008006c7c                . = ALIGN (0x4)

.rel.dyn        0x0000000008006c7c        0x0
 .rel.iplt      0x0000000008006c7c        0x0 c:/st/stm32cubeide_1.6.1/stm32cubeide/plugins/com.st.stm32cube.ide.mcu.externaltools.gnu-tools-for-stm32.9-2020-q2-update.win32_1.5.0.202011040924/tools/bin/../lib/gcc/arm-none-eabi/9.3.1/thumb/v7e-m+fp/hard/crtbegin.o

.preinit_array  0x0000000008006c7c        0x0
                0x0000000008006c7c                . = ALIGN (0x4)
                0x0000000008006c7c                PROVIDE (__preinit_array_start = .)
 *(.preinit_array*)
                0x0000000008006c7c                PROVIDE (__preinit_array_end = .)
                0x0000000008006c7c                . = ALIGN (0x4)

.init_array     0x0000000008006c7c        0x4
                0x0000000008006c7c                . = ALIGN (0x4)
                0x0000000008006c7c                PROVIDE (__init_array_start = .)
 *(SORT_BY_NAME(.init_array.*))
 *(.init_array*)
 .init_array    0x0000000008006c7c        0x4 c:/st/stm32cubeide_1.6.1/stm32cubeide/plugins/com.st.stm32cube.ide.mcu.externaltools.gnu-tools-for-stm32.9-2020-q2-update.win32_1.5.0.202011040924/tools/bin/../lib/gcc/arm-none-eabi/9.3.1/thumb/v7e-m+fp/hard/crtbegin.o
                0x0000000008006c80                PROVIDE (__init_array_end = .)
                0x0000000008006c80                . = ALIGN (0x4)

.fini_array     0x0000000008006c80        0x4
                0x0000000008006c80                . = ALIGN (0x4)
                [!provide]                        PROVIDE (__fini_array_start = .)
 *(SORT_BY_NAME(.fini_array.*))
 *(.fini_array*)
 .fini_array    0x0000000008006c80        0x4 c:/st/stm32cubeide_1.6.1/stm32cubeide/plugins/com.st.stm32cube.ide.mcu.externaltools.gnu-tools-for-stm32.9-2020-q2-update.win32_1.5.0.202011040924/tools/bin/../lib/gcc/arm-none-eabi/9.3.1/thumb/v7e-m+fp/hard/crtbegin.o
                [!provide]                        PROVIDE (__fini_array_end = .)
                0x0000000008006c84                . = ALIGN (0x4)
                0x0000000008006c84                _sidata = LOADADDR (.data)

.data           0x0000000020000000       0x7c load address 0x0000000008006c84
                0x0000000020000000                . = ALIGN (0x4)
                0x0000000020000000                _sdata = .
 *(.data)
 *(.data*)
 .data.Font_11x18
                0x0000000020000000        0x8 Core/Src/fonts.o
                0x0000000020000000                Font_11x18
 .data.SystemCoreClock
                0x0000000020000008        0x4 Core/Src/system_stm32f4xx.o
                0x0000000020000008                SystemCoreClock
 .data.uwTickPrio
                0x000000002000000c        0x4 Drivers/STM32F4xx_HAL_Driver/Src/stm32f4xx_hal.o
                0x000000002000000c                uwTickPrio
 .data.uwTickFreq
                0x0000000020000010        0x1 Drivers/STM32F4xx_HAL_Driver/Src/stm32f4xx_hal.o
                0x0000000020000010                uwTickFreq
 *fill*         0x0000000020000011        0x3 
 .data.uxCriticalNesting
                0x0000000020000014        0x4 Middlewares/Third_Party/FreeRTOS/Source/portable/GCC/ARM_CM4F/port.o
 .data._impure_ptr
                0x0000000020000018        0x4 c:/st/stm32cubeide_1.6.1/stm32cubeide/plugins/com.st.stm32cube.ide.mcu.externaltools.gnu-tools-for-stm32.9-2020-q2-update.win32_1.5.0.202011040924/tools/bin/../lib/gcc/arm-none-eabi/9.3.1/../../../../arm-none-eabi/lib/thumb/v7e-m+fp/hard\libc_nano.a(lib_a-impure.o)
                0x0000000020000018                _impure_ptr
 .data.impure_data
                0x000000002000001c       0x60 c:/st/stm32cubeide_1.6.1/stm32cubeide/plugins/com.st.stm32cube.ide.mcu.externaltools.gnu-tools-for-stm32.9-2020-q2-update.win32_1.5.0.202011040924/tools/bin/../lib/gcc/arm-none-eabi/9.3.1/../../../../arm-none-eabi/lib/thumb/v7e-m+fp/hard\libc_nano.a(lib_a-impure.o)
 *(.RamFunc)
 *(.RamFunc*)
                0x000000002000007c                . = ALIGN (0x4)
                0x000000002000007c                _edata = .

.igot.plt       0x000000002000007c        0x0 load address 0x0000000008006d00
 .igot.plt      0x000000002000007c        0x0 c:/st/stm32cubeide_1.6.1/stm32cubeide/plugins/com.st.stm32cube.ide.mcu.externaltools.gnu-tools-for-stm32.9-2020-q2-update.win32_1.5.0.202011040924/tools/bin/../lib/gcc/arm-none-eabi/9.3.1/thumb/v7e-m+fp/hard/crtbegin.o
                0x000000002000007c                . = ALIGN (0x4)

.bss            0x000000002000007c     0x4540 load address 0x0000000008006d00
                0x000000002000007c                _sbss = .
                0x000000002000007c                __bss_start__ = _sbss
 *(.bss)
 .bss           0x000000002000007c       0x1c c:/st/stm32cubeide_1.6.1/stm32cubeide/plugins/com.st.stm32cube.ide.mcu.externaltools.gnu-tools-for-stm32.9-2020-q2-update.win32_1.5.0.202011040924/tools/bin/../lib/gcc/arm-none-eabi/9.3.1/thumb/v7e-m+fp/hard/crtbegin.o
 *(.bss*)
 .bss.xIdleTaskTCBBuffer
                0x0000000020000098       0x54 Core/Src/freertos.o
 .bss.xIdleStack
                0x00000000200000ec      0x200 Core/Src/freertos.o
 .bss.counter   0x00000000200002ec        0x2 Core/Src/main.o
                0x00000000200002ec                counter
 *fill*         0x00000000200002ee        0x2 
 .bss.SSD1306_Buffer
                0x00000000200002f0      0x400 Core/Src/ssd1306.o
 .bss.SSD1306   0x00000000200006f0        0x6 Core/Src/ssd1306.o
 *fill*         0x00000000200006f6        0x2 
 .bss.__sbrk_heap_end
                0x00000000200006f8        0x4 Core/Src/sysmem.o
 .bss.pxCurrentTCB
                0x00000000200006fc        0x4 Middlewares/Third_Party/FreeRTOS/Source/tasks.o
                0x00000000200006fc                pxCurrentTCB
 .bss.pxReadyTasksLists
                0x0000000020000700       0x8c Middlewares/Third_Party/FreeRTOS/Source/tasks.o
 .bss.xDelayedTaskList1
                0x000000002000078c       0x14 Middlewares/Third_Party/FreeRTOS/Source/tasks.o
 .bss.xDelayedTaskList2
                0x00000000200007a0       0x14 Middlewares/Third_Party/FreeRTOS/Source/tasks.o
 .bss.pxDelayedTaskList
                0x00000000200007b4        0x4 Middlewares/Third_Party/FreeRTOS/Source/tasks.o
 .bss.pxOverflowDelayedTaskList
                0x00000000200007b8        0x4 Middlewares/Third_Party/FreeRTOS/Source/tasks.o
 .bss.xPendingReadyList
                0x00000000200007bc       0x14 Middlewares/Third_Party/FreeRTOS/Source/tasks.o
 .bss.xTasksWaitingTermination
                0x00000000200007d0       0x14 Middlewares/Third_Party/FreeRTOS/Source/tasks.o
 .bss.uxDeletedTasksWaitingCleanUp
                0x00000000200007e4        0x4 Middlewares/Third_Party/FreeRTOS/Source/tasks.o
 .bss.xSuspendedTaskList
                0x00000000200007e8       0x14 Middlewares/Third_Party/FreeRTOS/Source/tasks.o
 .bss.uxCurrentNumberOfTasks
                0x00000000200007fc        0x4 Middlewares/Third_Party/FreeRTOS/Source/tasks.o
 .bss.xTickCount
                0x0000000020000800        0x4 Middlewares/Third_Party/FreeRTOS/Source/tasks.o
 .bss.uxTopReadyPriority
                0x0000000020000804        0x4 Middlewares/Third_Party/FreeRTOS/Source/tasks.o
 .bss.xSchedulerRunning
                0x0000000020000808        0x4 Middlewares/Third_Party/FreeRTOS/Source/tasks.o
 .bss.xPendedTicks
                0x000000002000080c        0x4 Middlewares/Third_Party/FreeRTOS/Source/tasks.o
 .bss.xYieldPending
                0x0000000020000810        0x4 Middlewares/Third_Party/FreeRTOS/Source/tasks.o
 .bss.xNumOfOverflows
                0x0000000020000814        0x4 Middlewares/Third_Party/FreeRTOS/Source/tasks.o
 .bss.uxTaskNumber
                0x0000000020000818        0x4 Middlewares/Third_Party/FreeRTOS/Source/tasks.o
 .bss.xNextTaskUnblockTime
                0x000000002000081c        0x4 Middlewares/Third_Party/FreeRTOS/Source/tasks.o
 .bss.xIdleTaskHandle
                0x0000000020000820        0x4 Middlewares/Third_Party/FreeRTOS/Source/tasks.o
 .bss.uxSchedulerSuspended
                0x0000000020000824        0x4 Middlewares/Third_Party/FreeRTOS/Source/tasks.o
 .bss.ucMaxSysCallPriority
                0x0000000020000828        0x1 Middlewares/Third_Party/FreeRTOS/Source/portable/GCC/ARM_CM4F/port.o
 *fill*         0x0000000020000829        0x3 
 .bss.ulMaxPRIGROUPValue
                0x000000002000082c        0x4 Middlewares/Third_Party/FreeRTOS/Source/portable/GCC/ARM_CM4F/port.o
 .bss.ucHeap    0x0000000020000830     0x3c00 Middlewares/Third_Party/FreeRTOS/Source/portable/MemMang/heap_4.o
 .bss.xStart    0x0000000020004430        0x8 Middlewares/Third_Party/FreeRTOS/Source/portable/MemMang/heap_4.o
 .bss.pxEnd     0x0000000020004438        0x4 Middlewares/Third_Party/FreeRTOS/Source/portable/MemMang/heap_4.o
 .bss.xFreeBytesRemaining
                0x000000002000443c        0x4 Middlewares/Third_Party/FreeRTOS/Source/portable/MemMang/heap_4.o
 .bss.xMinimumEverFreeBytesRemaining
                0x0000000020004440        0x4 Middlewares/Third_Party/FreeRTOS/Source/portable/MemMang/heap_4.o
 .bss.xNumberOfSuccessfulAllocations
                0x0000000020004444        0x4 Middlewares/Third_Party/FreeRTOS/Source/portable/MemMang/heap_4.o
 .bss.xNumberOfSuccessfulFrees
                0x0000000020004448        0x4 Middlewares/Third_Party/FreeRTOS/Source/portable/MemMang/heap_4.o
 .bss.xBlockAllocatedBit
                0x000000002000444c        0x4 Middlewares/Third_Party/FreeRTOS/Source/portable/MemMang/heap_4.o
 .bss.__malloc_free_list
                0x0000000020004450        0x4 c:/st/stm32cubeide_1.6.1/stm32cubeide/plugins/com.st.stm32cube.ide.mcu.externaltools.gnu-tools-for-stm32.9-2020-q2-update.win32_1.5.0.202011040924/tools/bin/../lib/gcc/arm-none-eabi/9.3.1/../../../../arm-none-eabi/lib/thumb/v7e-m+fp/hard\libc_nano.a(lib_a-nano-mallocr.o)
                0x0000000020004450                __malloc_free_list
 .bss.__malloc_sbrk_start
                0x0000000020004454        0x4 c:/st/stm32cubeide_1.6.1/stm32cubeide/plugins/com.st.stm32cube.ide.mcu.externaltools.gnu-tools-for-stm32.9-2020-q2-update.win32_1.5.0.202011040924/tools/bin/../lib/gcc/arm-none-eabi/9.3.1/../../../../arm-none-eabi/lib/thumb/v7e-m+fp/hard\libc_nano.a(lib_a-nano-mallocr.o)
                0x0000000020004454                __malloc_sbrk_start
 *(COMMON)
 COMMON         0x0000000020004458       0x63 Core/Src/DS3231.o
                0x0000000020004458                pull
                0x0000000020004460                hi2c1
                0x00000000200044b4                push
 *fill*         0x00000000200044bb        0x1 
 COMMON         0x00000000200044bc       0x50 Core/Src/df_player.o
                0x00000000200044bc                cmdFormat
                0x00000000200044c8                huart4
 COMMON         0x000000002000450c       0x54 Core/Src/main.o
                0x000000002000450c                readTimeHandle
                0x0000000020004510                counterHandle
                0x0000000020004514                writeOLEDHandle
                0x0000000020004518                songTaskHandle
                0x000000002000451c                huart2
 COMMON         0x0000000020004560       0x48 Core/Src/stm32f4xx_hal_timebase_tim.o
                0x0000000020004560                htim1
 COMMON         0x00000000200045a8        0x4 Drivers/STM32F4xx_HAL_Driver/Src/stm32f4xx_hal.o
                0x00000000200045a8                uwTick
 COMMON         0x00000000200045ac        0x4 c:/st/stm32cubeide_1.6.1/stm32cubeide/plugins/com.st.stm32cube.ide.mcu.externaltools.gnu-tools-for-stm32.9-2020-q2-update.win32_1.5.0.202011040924/tools/bin/../lib/gcc/arm-none-eabi/9.3.1/../../../../arm-none-eabi/lib/thumb/v7e-m+fp/hard\libc_nano.a(lib_a-reent.o)
                0x00000000200045ac                errno
 COMMON         0x00000000200045b0        0x9 c:/st/stm32cubeide_1.6.1/stm32cubeide/plugins/com.st.stm32cube.ide.mcu.externaltools.gnu-tools-for-stm32.9-2020-q2-update.win32_1.5.0.202011040924/tools/bin/../lib/gcc/arm-none-eabi/9.3.1/../../../../arm-none-eabi/lib/thumb/v7e-m+fp/hard\libc_nano.a(lib_a-lock.o)
                0x00000000200045b0                __lock___atexit_recursive_mutex
                0x00000000200045b1                __lock___arc4random_mutex
                0x00000000200045b2                __lock___env_recursive_mutex
                0x00000000200045b3                __lock___sinit_recursive_mutex
                0x00000000200045b4                __lock___malloc_recursive_mutex
                0x00000000200045b5                __lock___at_quick_exit_mutex
                0x00000000200045b6                __lock___dd_hash_mutex
                0x00000000200045b7                __lock___tz_mutex
                0x00000000200045b8                __lock___sfp_recursive_mutex
                0x00000000200045bc                . = ALIGN (0x4)
 *fill*         0x00000000200045b9        0x3 
                0x00000000200045bc                _ebss = .
                0x00000000200045bc                __bss_end__ = _ebss

._user_heap_stack
                0x00000000200045bc      0x604 load address 0x0000000008006d00
                0x00000000200045c0                . = ALIGN (0x8)
 *fill*         0x00000000200045bc        0x4 
                [!provide]                        PROVIDE (end = .)
                0x00000000200045c0                PROVIDE (_end = .)
                0x00000000200047c0                . = (. + _Min_Heap_Size)
 *fill*         0x00000000200045c0      0x200 
                0x0000000020004bc0                . = (. + _Min_Stack_Size)
 *fill*         0x00000000200047c0      0x400 
                0x0000000020004bc0                . = ALIGN (0x8)

/DISCARD/
 libc.a(*)
 libm.a(*)
 libgcc.a(*)

.ARM.attributes
                0x0000000000000000       0x30
 *(.ARM.attributes)
 .ARM.attributes
                0x0000000000000000       0x1e c:/st/stm32cubeide_1.6.1/stm32cubeide/plugins/com.st.stm32cube.ide.mcu.externaltools.gnu-tools-for-stm32.9-2020-q2-update.win32_1.5.0.202011040924/tools/bin/../lib/gcc/arm-none-eabi/9.3.1/thumb/v7e-m+fp/hard/crti.o
 .ARM.attributes
                0x000000000000001e       0x34 c:/st/stm32cubeide_1.6.1/stm32cubeide/plugins/com.st.stm32cube.ide.mcu.externaltools.gnu-tools-for-stm32.9-2020-q2-update.win32_1.5.0.202011040924/tools/bin/../lib/gcc/arm-none-eabi/9.3.1/thumb/v7e-m+fp/hard/crtbegin.o
 .ARM.attributes
                0x0000000000000052       0x34 Core/Src/DS3231.o
 .ARM.attributes
                0x0000000000000086       0x34 Core/Src/df_player.o
 .ARM.attributes
                0x00000000000000ba       0x39 Core/Src/fonts.o
 .ARM.attributes
                0x00000000000000f3       0x34 Core/Src/freertos.o
 .ARM.attributes
                0x0000000000000127       0x34 Core/Src/main.o
 .ARM.attributes
                0x000000000000015b       0x34 Core/Src/ssd1306.o
 .ARM.attributes
                0x000000000000018f       0x34 Core/Src/stm32f4xx_hal_msp.o
 .ARM.attributes
                0x00000000000001c3       0x34 Core/Src/stm32f4xx_hal_timebase_tim.o
 .ARM.attributes
                0x00000000000001f7       0x34 Core/Src/stm32f4xx_it.o
 .ARM.attributes
                0x000000000000022b       0x34 Core/Src/sysmem.o
 .ARM.attributes
                0x000000000000025f       0x34 Core/Src/system_stm32f4xx.o
 .ARM.attributes
                0x0000000000000293       0x21 Core/Startup/startup_stm32f446retx.o
 .ARM.attributes
                0x00000000000002b4       0x34 Drivers/STM32F4xx_HAL_Driver/Src/stm32f4xx_hal.o
 .ARM.attributes
                0x00000000000002e8       0x34 Drivers/STM32F4xx_HAL_Driver/Src/stm32f4xx_hal_cortex.o
 .ARM.attributes
                0x000000000000031c       0x34 Drivers/STM32F4xx_HAL_Driver/Src/stm32f4xx_hal_gpio.o
 .ARM.attributes
                0x0000000000000350       0x34 Drivers/STM32F4xx_HAL_Driver/Src/stm32f4xx_hal_i2c.o
 .ARM.attributes
                0x0000000000000384       0x34 Drivers/STM32F4xx_HAL_Driver/Src/stm32f4xx_hal_pwr_ex.o
 .ARM.attributes
                0x00000000000003b8       0x34 Drivers/STM32F4xx_HAL_Driver/Src/stm32f4xx_hal_rcc.o
 .ARM.attributes
                0x00000000000003ec       0x34 Drivers/STM32F4xx_HAL_Driver/Src/stm32f4xx_hal_rcc_ex.o
 .ARM.attributes
                0x0000000000000420       0x34 Drivers/STM32F4xx_HAL_Driver/Src/stm32f4xx_hal_tim.o
 .ARM.attributes
                0x0000000000000454       0x34 Drivers/STM32F4xx_HAL_Driver/Src/stm32f4xx_hal_tim_ex.o
 .ARM.attributes
                0x0000000000000488       0x34 Drivers/STM32F4xx_HAL_Driver/Src/stm32f4xx_hal_uart.o
 .ARM.attributes
                0x00000000000004bc       0x34 Middlewares/Third_Party/FreeRTOS/Source/CMSIS_RTOS/cmsis_os.o
 .ARM.attributes
                0x00000000000004f0       0x34 Middlewares/Third_Party/FreeRTOS/Source/list.o
 .ARM.attributes
                0x0000000000000524       0x34 Middlewares/Third_Party/FreeRTOS/Source/tasks.o
 .ARM.attributes
                0x0000000000000558       0x34 Middlewares/Third_Party/FreeRTOS/Source/portable/GCC/ARM_CM4F/port.o
 .ARM.attributes
                0x000000000000058c       0x34 Middlewares/Third_Party/FreeRTOS/Source/portable/MemMang/heap_4.o
 .ARM.attributes
                0x00000000000005c0       0x34 c:/st/stm32cubeide_1.6.1/stm32cubeide/plugins/com.st.stm32cube.ide.mcu.externaltools.gnu-tools-for-stm32.9-2020-q2-update.win32_1.5.0.202011040924/tools/bin/../lib/gcc/arm-none-eabi/9.3.1/../../../../arm-none-eabi/lib/thumb/v7e-m+fp/hard\libc_nano.a(lib_a-errno.o)
 .ARM.attributes
                0x00000000000005f4       0x32 c:/st/stm32cubeide_1.6.1/stm32cubeide/plugins/com.st.stm32cube.ide.mcu.externaltools.gnu-tools-for-stm32.9-2020-q2-update.win32_1.5.0.202011040924/tools/bin/../lib/gcc/arm-none-eabi/9.3.1/../../../../arm-none-eabi/lib/thumb/v7e-m+fp/hard\libc_nano.a(lib_a-impure.o)
 .ARM.attributes
                0x0000000000000626       0x34 c:/st/stm32cubeide_1.6.1/stm32cubeide/plugins/com.st.stm32cube.ide.mcu.externaltools.gnu-tools-for-stm32.9-2020-q2-update.win32_1.5.0.202011040924/tools/bin/../lib/gcc/arm-none-eabi/9.3.1/../../../../arm-none-eabi/lib/thumb/v7e-m+fp/hard\libc_nano.a(lib_a-init.o)
 .ARM.attributes
                0x000000000000065a       0x34 c:/st/stm32cubeide_1.6.1/stm32cubeide/plugins/com.st.stm32cube.ide.mcu.externaltools.gnu-tools-for-stm32.9-2020-q2-update.win32_1.5.0.202011040924/tools/bin/../lib/gcc/arm-none-eabi/9.3.1/../../../../arm-none-eabi/lib/thumb/v7e-m+fp/hard\libc_nano.a(lib_a-memcpy-stub.o)
 .ARM.attributes
                0x000000000000068e       0x34 c:/st/stm32cubeide_1.6.1/stm32cubeide/plugins/com.st.stm32cube.ide.mcu.externaltools.gnu-tools-for-stm32.9-2020-q2-update.win32_1.5.0.202011040924/tools/bin/../lib/gcc/arm-none-eabi/9.3.1/../../../../arm-none-eabi/lib/thumb/v7e-m+fp/hard\libc_nano.a(lib_a-memset.o)
 .ARM.attributes
                0x00000000000006c2       0x34 c:/st/stm32cubeide_1.6.1/stm32cubeide/plugins/com.st.stm32cube.ide.mcu.externaltools.gnu-tools-for-stm32.9-2020-q2-update.win32_1.5.0.202011040924/tools/bin/../lib/gcc/arm-none-eabi/9.3.1/../../../../arm-none-eabi/lib/thumb/v7e-m+fp/hard\libc_nano.a(lib_a-sprintf.o)
 .ARM.attributes
                0x00000000000006f6       0x34 c:/st/stm32cubeide_1.6.1/stm32cubeide/plugins/com.st.stm32cube.ide.mcu.externaltools.gnu-tools-for-stm32.9-2020-q2-update.win32_1.5.0.202011040924/tools/bin/../lib/gcc/arm-none-eabi/9.3.1/../../../../arm-none-eabi/lib/thumb/v7e-m+fp/hard\libc_nano.a(lib_a-nano-svfprintf.o)
 .ARM.attributes
                0x000000000000072a       0x34 c:/st/stm32cubeide_1.6.1/stm32cubeide/plugins/com.st.stm32cube.ide.mcu.externaltools.gnu-tools-for-stm32.9-2020-q2-update.win32_1.5.0.202011040924/tools/bin/../lib/gcc/arm-none-eabi/9.3.1/../../../../arm-none-eabi/lib/thumb/v7e-m+fp/hard\libc_nano.a(lib_a-nano-vfprintf_i.o)
 .ARM.attributes
                0x000000000000075e       0x1c c:/st/stm32cubeide_1.6.1/stm32cubeide/plugins/com.st.stm32cube.ide.mcu.externaltools.gnu-tools-for-stm32.9-2020-q2-update.win32_1.5.0.202011040924/tools/bin/../lib/gcc/arm-none-eabi/9.3.1/../../../../arm-none-eabi/lib/thumb/v7e-m+fp/hard\libc_nano.a(lib_a-memchr.o)
 .ARM.attributes
                0x000000000000077a       0x34 c:/st/stm32cubeide_1.6.1/stm32cubeide/plugins/com.st.stm32cube.ide.mcu.externaltools.gnu-tools-for-stm32.9-2020-q2-update.win32_1.5.0.202011040924/tools/bin/../lib/gcc/arm-none-eabi/9.3.1/../../../../arm-none-eabi/lib/thumb/v7e-m+fp/hard\libc_nano.a(lib_a-memmove.o)
 .ARM.attributes
                0x00000000000007ae       0x34 c:/st/stm32cubeide_1.6.1/stm32cubeide/plugins/com.st.stm32cube.ide.mcu.externaltools.gnu-tools-for-stm32.9-2020-q2-update.win32_1.5.0.202011040924/tools/bin/../lib/gcc/arm-none-eabi/9.3.1/../../../../arm-none-eabi/lib/thumb/v7e-m+fp/hard\libc_nano.a(lib_a-nano-freer.o)
 .ARM.attributes
                0x00000000000007e2       0x34 c:/st/stm32cubeide_1.6.1/stm32cubeide/plugins/com.st.stm32cube.ide.mcu.externaltools.gnu-tools-for-stm32.9-2020-q2-update.win32_1.5.0.202011040924/tools/bin/../lib/gcc/arm-none-eabi/9.3.1/../../../../arm-none-eabi/lib/thumb/v7e-m+fp/hard\libc_nano.a(lib_a-nano-mallocr.o)
 .ARM.attributes
                0x0000000000000816       0x34 c:/st/stm32cubeide_1.6.1/stm32cubeide/plugins/com.st.stm32cube.ide.mcu.externaltools.gnu-tools-for-stm32.9-2020-q2-update.win32_1.5.0.202011040924/tools/bin/../lib/gcc/arm-none-eabi/9.3.1/../../../../arm-none-eabi/lib/thumb/v7e-m+fp/hard\libc_nano.a(lib_a-nano-reallocr.o)
 .ARM.attributes
                0x000000000000084a       0x34 c:/st/stm32cubeide_1.6.1/stm32cubeide/plugins/com.st.stm32cube.ide.mcu.externaltools.gnu-tools-for-stm32.9-2020-q2-update.win32_1.5.0.202011040924/tools/bin/../lib/gcc/arm-none-eabi/9.3.1/../../../../arm-none-eabi/lib/thumb/v7e-m+fp/hard\libc_nano.a(lib_a-sbrkr.o)
 .ARM.attributes
                0x000000000000087e       0x34 c:/st/stm32cubeide_1.6.1/stm32cubeide/plugins/com.st.stm32cube.ide.mcu.externaltools.gnu-tools-for-stm32.9-2020-q2-update.win32_1.5.0.202011040924/tools/bin/../lib/gcc/arm-none-eabi/9.3.1/../../../../arm-none-eabi/lib/thumb/v7e-m+fp/hard\libc_nano.a(lib_a-mlock.o)
 .ARM.attributes
                0x00000000000008b2       0x34 c:/st/stm32cubeide_1.6.1/stm32cubeide/plugins/com.st.stm32cube.ide.mcu.externaltools.gnu-tools-for-stm32.9-2020-q2-update.win32_1.5.0.202011040924/tools/bin/../lib/gcc/arm-none-eabi/9.3.1/../../../../arm-none-eabi/lib/thumb/v7e-m+fp/hard\libc_nano.a(lib_a-nano-msizer.o)
 .ARM.attributes
                0x00000000000008e6       0x34 c:/st/stm32cubeide_1.6.1/stm32cubeide/plugins/com.st.stm32cube.ide.mcu.externaltools.gnu-tools-for-stm32.9-2020-q2-update.win32_1.5.0.202011040924/tools/bin/../lib/gcc/arm-none-eabi/9.3.1/../../../../arm-none-eabi/lib/thumb/v7e-m+fp/hard\libc_nano.a(lib_a-reent.o)
 .ARM.attributes
                0x000000000000091a       0x34 c:/st/stm32cubeide_1.6.1/stm32cubeide/plugins/com.st.stm32cube.ide.mcu.externaltools.gnu-tools-for-stm32.9-2020-q2-update.win32_1.5.0.202011040924/tools/bin/../lib/gcc/arm-none-eabi/9.3.1/../../../../arm-none-eabi/lib/thumb/v7e-m+fp/hard\libc_nano.a(lib_a-lock.o)
 .ARM.attributes
                0x000000000000094e       0x1e c:/st/stm32cubeide_1.6.1/stm32cubeide/plugins/com.st.stm32cube.ide.mcu.externaltools.gnu-tools-for-stm32.9-2020-q2-update.win32_1.5.0.202011040924/tools/bin/../lib/gcc/arm-none-eabi/9.3.1/thumb/v7e-m+fp/hard\libgcc.a(_aeabi_uldivmod.o)
 .ARM.attributes
                0x000000000000096c       0x34 c:/st/stm32cubeide_1.6.1/stm32cubeide/plugins/com.st.stm32cube.ide.mcu.externaltools.gnu-tools-for-stm32.9-2020-q2-update.win32_1.5.0.202011040924/tools/bin/../lib/gcc/arm-none-eabi/9.3.1/thumb/v7e-m+fp/hard\libgcc.a(_udivmoddi4.o)
 .ARM.attributes
                0x00000000000009a0       0x1e c:/st/stm32cubeide_1.6.1/stm32cubeide/plugins/com.st.stm32cube.ide.mcu.externaltools.gnu-tools-for-stm32.9-2020-q2-update.win32_1.5.0.202011040924/tools/bin/../lib/gcc/arm-none-eabi/9.3.1/thumb/v7e-m+fp/hard\libgcc.a(_dvmd_tls.o)
 .ARM.attributes
                0x00000000000009be       0x1e c:/st/stm32cubeide_1.6.1/stm32cubeide/plugins/com.st.stm32cube.ide.mcu.externaltools.gnu-tools-for-stm32.9-2020-q2-update.win32_1.5.0.202011040924/tools/bin/../lib/gcc/arm-none-eabi/9.3.1/thumb/v7e-m+fp/hard/crtn.o
OUTPUT(ReadTime__WriteSong.elf elf32-littlearm)
LOAD linker stubs
LOAD c:/st/stm32cubeide_1.6.1/stm32cubeide/plugins/com.st.stm32cube.ide.mcu.externaltools.gnu-tools-for-stm32.9-2020-q2-update.win32_1.5.0.202011040924/tools/bin/../lib/gcc/arm-none-eabi/9.3.1/../../../../arm-none-eabi/lib/thumb/v7e-m+fp/hard\libc.a
LOAD c:/st/stm32cubeide_1.6.1/stm32cubeide/plugins/com.st.stm32cube.ide.mcu.externaltools.gnu-tools-for-stm32.9-2020-q2-update.win32_1.5.0.202011040924/tools/bin/../lib/gcc/arm-none-eabi/9.3.1/../../../../arm-none-eabi/lib/thumb/v7e-m+fp/hard\libm.a
LOAD c:/st/stm32cubeide_1.6.1/stm32cubeide/plugins/com.st.stm32cube.ide.mcu.externaltools.gnu-tools-for-stm32.9-2020-q2-update.win32_1.5.0.202011040924/tools/bin/../lib/gcc/arm-none-eabi/9.3.1/thumb/v7e-m+fp/hard\libgcc.a

.debug_info     0x0000000000000000    0x1b903
 .debug_info    0x0000000000000000      0x838 Core/Src/DS3231.o
 .debug_info    0x0000000000000838     0x103f Core/Src/df_player.o
 .debug_info    0x0000000000001877      0x1ae Core/Src/fonts.o
 .debug_info    0x0000000000001a25      0x36d Core/Src/freertos.o
 .debug_info    0x0000000000001d92     0x2072 Core/Src/main.o
 .debug_info    0x0000000000003e04      0xa06 Core/Src/ssd1306.o
 .debug_info    0x000000000000480a      0xffa Core/Src/stm32f4xx_hal_msp.o
 .debug_info    0x0000000000005804      0xcc2 Core/Src/stm32f4xx_hal_timebase_tim.o
 .debug_info    0x00000000000064c6      0x7cb Core/Src/stm32f4xx_it.o
 .debug_info    0x0000000000006c91      0xa25 Core/Src/sysmem.o
 .debug_info    0x00000000000076b6      0x5dc Core/Src/system_stm32f4xx.o
 .debug_info    0x0000000000007c92       0x22 Core/Startup/startup_stm32f446retx.o
 .debug_info    0x0000000000007cb4      0xa08 Drivers/STM32F4xx_HAL_Driver/Src/stm32f4xx_hal.o
 .debug_info    0x00000000000086bc      0xef5 Drivers/STM32F4xx_HAL_Driver/Src/stm32f4xx_hal_cortex.o
 .debug_info    0x00000000000095b1      0x892 Drivers/STM32F4xx_HAL_Driver/Src/stm32f4xx_hal_gpio.o
 .debug_info    0x0000000000009e43     0x265b Drivers/STM32F4xx_HAL_Driver/Src/stm32f4xx_hal_i2c.o
 .debug_info    0x000000000000c49e      0x7ca Drivers/STM32F4xx_HAL_Driver/Src/stm32f4xx_hal_pwr_ex.o
 .debug_info    0x000000000000cc68      0x9db Drivers/STM32F4xx_HAL_Driver/Src/stm32f4xx_hal_rcc.o
 .debug_info    0x000000000000d643      0xa86 Drivers/STM32F4xx_HAL_Driver/Src/stm32f4xx_hal_rcc_ex.o
 .debug_info    0x000000000000e0c9     0x2c22 Drivers/STM32F4xx_HAL_Driver/Src/stm32f4xx_hal_tim.o
 .debug_info    0x0000000000010ceb     0x15a2 Drivers/STM32F4xx_HAL_Driver/Src/stm32f4xx_hal_tim_ex.o
 .debug_info    0x000000000001228d     0x31de Drivers/STM32F4xx_HAL_Driver/Src/stm32f4xx_hal_uart.o
 .debug_info    0x000000000001546b     0x204a Middlewares/Third_Party/FreeRTOS/Source/CMSIS_RTOS/cmsis_os.o
 .debug_info    0x00000000000174b5      0xb82 Middlewares/Third_Party/FreeRTOS/Source/list.o
 .debug_info    0x0000000000018037     0x2651 Middlewares/Third_Party/FreeRTOS/Source/tasks.o
 .debug_info    0x000000000001a688      0x4f1 Middlewares/Third_Party/FreeRTOS/Source/portable/GCC/ARM_CM4F/port.o
 .debug_info    0x000000000001ab79      0xd8a Middlewares/Third_Party/FreeRTOS/Source/portable/MemMang/heap_4.o

.debug_abbrev   0x0000000000000000     0x38bf
 .debug_abbrev  0x0000000000000000      0x1c0 Core/Src/DS3231.o
 .debug_abbrev  0x00000000000001c0      0x260 Core/Src/df_player.o
 .debug_abbrev  0x0000000000000420       0xad Core/Src/fonts.o
 .debug_abbrev  0x00000000000004cd      0x11d Core/Src/freertos.o
 .debug_abbrev  0x00000000000005ea      0x316 Core/Src/main.o
 .debug_abbrev  0x0000000000000900      0x206 Core/Src/ssd1306.o
 .debug_abbrev  0x0000000000000b06      0x1b5 Core/Src/stm32f4xx_hal_msp.o
 .debug_abbrev  0x0000000000000cbb      0x1bf Core/Src/stm32f4xx_hal_timebase_tim.o
 .debug_abbrev  0x0000000000000e7a      0x176 Core/Src/stm32f4xx_it.o
 .debug_abbrev  0x0000000000000ff0      0x1bf Core/Src/sysmem.o
 .debug_abbrev  0x00000000000011af      0x145 Core/Src/system_stm32f4xx.o
 .debug_abbrev  0x00000000000012f4       0x12 Core/Startup/startup_stm32f446retx.o
 .debug_abbrev  0x0000000000001306      0x1ed Drivers/STM32F4xx_HAL_Driver/Src/stm32f4xx_hal.o
 .debug_abbrev  0x00000000000014f3      0x33c Drivers/STM32F4xx_HAL_Driver/Src/stm32f4xx_hal_cortex.o
 .debug_abbrev  0x000000000000182f      0x1f1 Drivers/STM32F4xx_HAL_Driver/Src/stm32f4xx_hal_gpio.o
 .debug_abbrev  0x0000000000001a20      0x282 Drivers/STM32F4xx_HAL_Driver/Src/stm32f4xx_hal_i2c.o
 .debug_abbrev  0x0000000000001ca2      0x1da Drivers/STM32F4xx_HAL_Driver/Src/stm32f4xx_hal_pwr_ex.o
 .debug_abbrev  0x0000000000001e7c      0x275 Drivers/STM32F4xx_HAL_Driver/Src/stm32f4xx_hal_rcc.o
 .debug_abbrev  0x00000000000020f1      0x1e2 Drivers/STM32F4xx_HAL_Driver/Src/stm32f4xx_hal_rcc_ex.o
 .debug_abbrev  0x00000000000022d3      0x25e Drivers/STM32F4xx_HAL_Driver/Src/stm32f4xx_hal_tim.o
 .debug_abbrev  0x0000000000002531      0x266 Drivers/STM32F4xx_HAL_Driver/Src/stm32f4xx_hal_tim_ex.o
 .debug_abbrev  0x0000000000002797      0x2eb Drivers/STM32F4xx_HAL_Driver/Src/stm32f4xx_hal_uart.o
 .debug_abbrev  0x0000000000002a82      0x3c2 Middlewares/Third_Party/FreeRTOS/Source/CMSIS_RTOS/cmsis_os.o
 .debug_abbrev  0x0000000000002e44      0x1f7 Middlewares/Third_Party/FreeRTOS/Source/list.o
 .debug_abbrev  0x000000000000303b      0x380 Middlewares/Third_Party/FreeRTOS/Source/tasks.o
 .debug_abbrev  0x00000000000033bb      0x231 Middlewares/Third_Party/FreeRTOS/Source/portable/GCC/ARM_CM4F/port.o
 .debug_abbrev  0x00000000000035ec      0x2d3 Middlewares/Third_Party/FreeRTOS/Source/portable/MemMang/heap_4.o

.debug_aranges  0x0000000000000000     0x1508
 .debug_aranges
                0x0000000000000000       0x38 Core/Src/DS3231.o
 .debug_aranges
                0x0000000000000038       0x48 Core/Src/df_player.o
 .debug_aranges
                0x0000000000000080       0x18 Core/Src/fonts.o
 .debug_aranges
                0x0000000000000098       0x20 Core/Src/freertos.o
 .debug_aranges
                0x00000000000000b8       0x78 Core/Src/main.o
 .debug_aranges
                0x0000000000000130       0x60 Core/Src/ssd1306.o
 .debug_aranges
                0x0000000000000190       0x40 Core/Src/stm32f4xx_hal_msp.o
 .debug_aranges
                0x00000000000001d0       0x30 Core/Src/stm32f4xx_hal_timebase_tim.o
 .debug_aranges
                0x0000000000000200       0x50 Core/Src/stm32f4xx_it.o
 .debug_aranges
                0x0000000000000250       0x20 Core/Src/sysmem.o
 .debug_aranges
                0x0000000000000270       0x28 Core/Src/system_stm32f4xx.o
 .debug_aranges
                0x0000000000000298       0x28 Core/Startup/startup_stm32f446retx.o
 .debug_aranges
                0x00000000000002c0       0xf0 Drivers/STM32F4xx_HAL_Driver/Src/stm32f4xx_hal.o
 .debug_aranges
                0x00000000000003b0      0x118 Drivers/STM32F4xx_HAL_Driver/Src/stm32f4xx_hal_cortex.o
 .debug_aranges
                0x00000000000004c8       0x58 Drivers/STM32F4xx_HAL_Driver/Src/stm32f4xx_hal_gpio.o
 .debug_aranges
                0x0000000000000520      0x2a0 Drivers/STM32F4xx_HAL_Driver/Src/stm32f4xx_hal_i2c.o
 .debug_aranges
                0x00000000000007c0       0x60 Drivers/STM32F4xx_HAL_Driver/Src/stm32f4xx_hal_pwr_ex.o
 .debug_aranges
                0x0000000000000820       0x88 Drivers/STM32F4xx_HAL_Driver/Src/stm32f4xx_hal_rcc.o
 .debug_aranges
                0x00000000000008a8       0x78 Drivers/STM32F4xx_HAL_Driver/Src/stm32f4xx_hal_rcc_ex.o
 .debug_aranges
                0x0000000000000920      0x3d0 Drivers/STM32F4xx_HAL_Driver/Src/stm32f4xx_hal_tim.o
 .debug_aranges
                0x0000000000000cf0      0x168 Drivers/STM32F4xx_HAL_Driver/Src/stm32f4xx_hal_tim_ex.o
 .debug_aranges
                0x0000000000000e58      0x200 Drivers/STM32F4xx_HAL_Driver/Src/stm32f4xx_hal_uart.o
 .debug_aranges
                0x0000000000001058      0x1d8 Middlewares/Third_Party/FreeRTOS/Source/CMSIS_RTOS/cmsis_os.o
 .debug_aranges
                0x0000000000001230       0x40 Middlewares/Third_Party/FreeRTOS/Source/list.o
 .debug_aranges
                0x0000000000001270      0x1c0 Middlewares/Third_Party/FreeRTOS/Source/tasks.o
 .debug_aranges
                0x0000000000001430       0x80 Middlewares/Third_Party/FreeRTOS/Source/portable/GCC/ARM_CM4F/port.o
 .debug_aranges
                0x00000000000014b0       0x58 Middlewares/Third_Party/FreeRTOS/Source/portable/MemMang/heap_4.o

.debug_ranges   0x0000000000000000     0x13b0
 .debug_ranges  0x0000000000000000       0x28 Core/Src/DS3231.o
 .debug_ranges  0x0000000000000028       0x38 Core/Src/df_player.o
 .debug_ranges  0x0000000000000060       0x10 Core/Src/freertos.o
 .debug_ranges  0x0000000000000070       0x68 Core/Src/main.o
 .debug_ranges  0x00000000000000d8       0x50 Core/Src/ssd1306.o
 .debug_ranges  0x0000000000000128       0x30 Core/Src/stm32f4xx_hal_msp.o
 .debug_ranges  0x0000000000000158       0x20 Core/Src/stm32f4xx_hal_timebase_tim.o
 .debug_ranges  0x0000000000000178       0x40 Core/Src/stm32f4xx_it.o
 .debug_ranges  0x00000000000001b8       0x10 Core/Src/sysmem.o
 .debug_ranges  0x00000000000001c8       0x18 Core/Src/system_stm32f4xx.o
 .debug_ranges  0x00000000000001e0       0x20 Core/Startup/startup_stm32f446retx.o
 .debug_ranges  0x0000000000000200       0xe0 Drivers/STM32F4xx_HAL_Driver/Src/stm32f4xx_hal.o
 .debug_ranges  0x00000000000002e0      0x108 Drivers/STM32F4xx_HAL_Driver/Src/stm32f4xx_hal_cortex.o
 .debug_ranges  0x00000000000003e8       0x48 Drivers/STM32F4xx_HAL_Driver/Src/stm32f4xx_hal_gpio.o
 .debug_ranges  0x0000000000000430      0x2b8 Drivers/STM32F4xx_HAL_Driver/Src/stm32f4xx_hal_i2c.o
 .debug_ranges  0x00000000000006e8       0x50 Drivers/STM32F4xx_HAL_Driver/Src/stm32f4xx_hal_pwr_ex.o
 .debug_ranges  0x0000000000000738       0x78 Drivers/STM32F4xx_HAL_Driver/Src/stm32f4xx_hal_rcc.o
 .debug_ranges  0x00000000000007b0       0x68 Drivers/STM32F4xx_HAL_Driver/Src/stm32f4xx_hal_rcc_ex.o
 .debug_ranges  0x0000000000000818      0x3c0 Drivers/STM32F4xx_HAL_Driver/Src/stm32f4xx_hal_tim.o
 .debug_ranges  0x0000000000000bd8      0x158 Drivers/STM32F4xx_HAL_Driver/Src/stm32f4xx_hal_tim_ex.o
 .debug_ranges  0x0000000000000d30      0x220 Drivers/STM32F4xx_HAL_Driver/Src/stm32f4xx_hal_uart.o
 .debug_ranges  0x0000000000000f50      0x1c8 Middlewares/Third_Party/FreeRTOS/Source/CMSIS_RTOS/cmsis_os.o
 .debug_ranges  0x0000000000001118       0x30 Middlewares/Third_Party/FreeRTOS/Source/list.o
 .debug_ranges  0x0000000000001148      0x1b0 Middlewares/Third_Party/FreeRTOS/Source/tasks.o
 .debug_ranges  0x00000000000012f8       0x70 Middlewares/Third_Party/FreeRTOS/Source/portable/GCC/ARM_CM4F/port.o
 .debug_ranges  0x0000000000001368       0x48 Middlewares/Third_Party/FreeRTOS/Source/portable/MemMang/heap_4.o

.debug_macro    0x0000000000000000    0x24b6a
 .debug_macro   0x0000000000000000      0x1f7 Core/Src/DS3231.o
 .debug_macro   0x00000000000001f7      0xaa8 Core/Src/DS3231.o
 .debug_macro   0x0000000000000c9f      0x2a1 Core/Src/DS3231.o
 .debug_macro   0x0000000000000f40       0x2e Core/Src/DS3231.o
 .debug_macro   0x0000000000000f6e       0x28 Core/Src/DS3231.o
 .debug_macro   0x0000000000000f96       0x22 Core/Src/DS3231.o
 .debug_macro   0x0000000000000fb8       0x8e Core/Src/DS3231.o
 .debug_macro   0x0000000000001046       0x51 Core/Src/DS3231.o
 .debug_macro   0x0000000000001097      0x103 Core/Src/DS3231.o
 .debug_macro   0x000000000000119a       0x6a Core/Src/DS3231.o
 .debug_macro   0x0000000000001204      0x1df Core/Src/DS3231.o
 .debug_macro   0x00000000000013e3       0x1c Core/Src/DS3231.o
 .debug_macro   0x00000000000013ff       0x22 Core/Src/DS3231.o
 .debug_macro   0x0000000000001421       0xdf Core/Src/DS3231.o
 .debug_macro   0x0000000000001500     0x102d Core/Src/DS3231.o
 .debug_macro   0x000000000000252d      0x11f Core/Src/DS3231.o
 .debug_macro   0x000000000000264c    0x16749 Core/Src/DS3231.o
 .debug_macro   0x0000000000018d95       0x6d Core/Src/DS3231.o
 .debug_macro   0x0000000000018e02     0x3666 Core/Src/DS3231.o
 .debug_macro   0x000000000001c468      0x174 Core/Src/DS3231.o
 .debug_macro   0x000000000001c5dc       0x5c Core/Src/DS3231.o
 .debug_macro   0x000000000001c638      0xc90 Core/Src/DS3231.o
 .debug_macro   0x000000000001d2c8      0x9fe Core/Src/DS3231.o
 .debug_macro   0x000000000001dcc6      0x116 Core/Src/DS3231.o
 .debug_macro   0x000000000001dddc      0x1a0 Core/Src/DS3231.o
 .debug_macro   0x000000000001df7c       0xa5 Core/Src/DS3231.o
 .debug_macro   0x000000000001e021      0x16d Core/Src/DS3231.o
 .debug_macro   0x000000000001e18e      0x287 Core/Src/DS3231.o
 .debug_macro   0x000000000001e415       0x5f Core/Src/DS3231.o
 .debug_macro   0x000000000001e474      0x236 Core/Src/DS3231.o
 .debug_macro   0x000000000001e6aa      0x132 Core/Src/DS3231.o
 .debug_macro   0x000000000001e7dc      0x29c Core/Src/DS3231.o
 .debug_macro   0x000000000001ea78       0x2e Core/Src/DS3231.o
 .debug_macro   0x000000000001eaa6      0x1b5 Core/Src/DS3231.o
 .debug_macro   0x000000000001ec5b       0x22 Core/Src/DS3231.o
 .debug_macro   0x000000000001ec7d       0xd6 Core/Src/DS3231.o
 .debug_macro   0x000000000001ed53      0x11a Core/Src/DS3231.o
 .debug_macro   0x000000000001ee6d       0xe8 Core/Src/DS3231.o
 .debug_macro   0x000000000001ef55       0x89 Core/Src/DS3231.o
 .debug_macro   0x000000000001efde      0x8d1 Core/Src/DS3231.o
 .debug_macro   0x000000000001f8af       0x4d Core/Src/DS3231.o
 .debug_macro   0x000000000001f8fc      0x295 Core/Src/DS3231.o
 .debug_macro   0x000000000001fb91      0x126 Core/Src/DS3231.o
 .debug_macro   0x000000000001fcb7      0x35e Core/Src/df_player.o
 .debug_macro   0x0000000000020015       0x52 Core/Src/df_player.o
 .debug_macro   0x0000000000020067       0x52 Core/Src/df_player.o
 .debug_macro   0x00000000000200b9       0x18 Core/Src/df_player.o
 .debug_macro   0x00000000000200d1       0x3c Core/Src/df_player.o
 .debug_macro   0x000000000002010d       0x34 Core/Src/df_player.o
 .debug_macro   0x0000000000020141       0x16 Core/Src/df_player.o
 .debug_macro   0x0000000000020157       0x35 Core/Src/df_player.o
 .debug_macro   0x000000000002018c      0x333 Core/Src/df_player.o
 .debug_macro   0x00000000000204bf       0x10 Core/Src/df_player.o
 .debug_macro   0x00000000000204cf       0x16 Core/Src/df_player.o
 .debug_macro   0x00000000000204e5       0x43 Core/Src/df_player.o
 .debug_macro   0x0000000000020528       0x34 Core/Src/df_player.o
 .debug_macro   0x000000000002055c       0x10 Core/Src/df_player.o
 .debug_macro   0x000000000002056c       0x58 Core/Src/df_player.o
 .debug_macro   0x00000000000205c4       0x71 Core/Src/df_player.o
 .debug_macro   0x0000000000020635       0x1c Core/Src/df_player.o
 .debug_macro   0x0000000000020651      0x12a Core/Src/df_player.o
 .debug_macro   0x000000000002077b       0x10 Core/Src/df_player.o
 .debug_macro   0x000000000002078b       0x1c Core/Src/df_player.o
 .debug_macro   0x00000000000207a7       0x52 Core/Src/df_player.o
 .debug_macro   0x00000000000207f9       0x22 Core/Src/df_player.o
 .debug_macro   0x000000000002081b       0x10 Core/Src/df_player.o
 .debug_macro   0x000000000002082b       0x40 Core/Src/df_player.o
 .debug_macro   0x000000000002086b       0xd5 Core/Src/df_player.o
 .debug_macro   0x0000000000020940       0x1c Core/Src/df_player.o
 .debug_macro   0x000000000002095c       0x3d Core/Src/df_player.o
 .debug_macro   0x0000000000020999       0x16 Core/Src/df_player.o
 .debug_macro   0x00000000000209af      0x145 Core/Src/df_player.o
 .debug_macro   0x0000000000020af4       0x22 Core/Src/df_player.o
 .debug_macro   0x0000000000020b16       0x6d Core/Src/fonts.o
 .debug_macro   0x0000000000020b83      0x25e Core/Src/freertos.o
 .debug_macro   0x0000000000020de1       0xea Core/Src/freertos.o
 .debug_macro   0x0000000000020ecb      0x15a Core/Src/freertos.o
 .debug_macro   0x0000000000021025       0xde Core/Src/freertos.o
 .debug_macro   0x0000000000021103       0x1c Core/Src/freertos.o
 .debug_macro   0x000000000002111f       0x26 Core/Src/freertos.o
 .debug_macro   0x0000000000021145      0x504 Core/Src/freertos.o
 .debug_macro   0x0000000000021649       0xb5 Core/Src/freertos.o
 .debug_macro   0x00000000000216fe       0xaa Core/Src/freertos.o
 .debug_macro   0x00000000000217a8       0x4c Core/Src/freertos.o
 .debug_macro   0x00000000000217f4      0x471 Core/Src/main.o
 .debug_macro   0x0000000000021c65       0xea Core/Src/main.o
 .debug_macro   0x0000000000021d4f       0x91 Core/Src/main.o
 .debug_macro   0x0000000000021de0       0x8d Core/Src/main.o
 .debug_macro   0x0000000000021e6d       0x7e Core/Src/main.o
 .debug_macro   0x0000000000021eeb       0x19 Core/Src/main.o
 .debug_macro   0x0000000000021f04       0xf2 Core/Src/main.o
 .debug_macro   0x0000000000021ff6       0x16 Core/Src/main.o
 .debug_macro   0x000000000002200c       0x20 Core/Src/main.o
 .debug_macro   0x000000000002202c       0x16 Core/Src/main.o
 .debug_macro   0x0000000000022042       0x10 Core/Src/main.o
 .debug_macro   0x0000000000022052      0x200 Core/Src/ssd1306.o
 .debug_macro   0x0000000000022252      0x1f6 Core/Src/stm32f4xx_hal_msp.o
 .debug_macro   0x0000000000022448      0x1e7 Core/Src/stm32f4xx_hal_timebase_tim.o
 .debug_macro   0x000000000002262f      0x200 Core/Src/stm32f4xx_it.o
 .debug_macro   0x000000000002282f       0xff Core/Src/sysmem.o
 .debug_macro   0x000000000002292e      0x23b Core/Src/sysmem.o
 .debug_macro   0x0000000000022b69      0x1e7 Core/Src/system_stm32f4xx.o
 .debug_macro   0x0000000000022d50      0x247 Drivers/STM32F4xx_HAL_Driver/Src/stm32f4xx_hal.o
 .debug_macro   0x0000000000022f97      0x1e7 Drivers/STM32F4xx_HAL_Driver/Src/stm32f4xx_hal_cortex.o
 .debug_macro   0x000000000002317e      0x1ed Drivers/STM32F4xx_HAL_Driver/Src/stm32f4xx_hal_gpio.o
 .debug_macro   0x000000000002336b      0x22e Drivers/STM32F4xx_HAL_Driver/Src/stm32f4xx_hal_i2c.o
 .debug_macro   0x0000000000023599      0x1ff Drivers/STM32F4xx_HAL_Driver/Src/stm32f4xx_hal_pwr_ex.o
 .debug_macro   0x0000000000023798      0x20b Drivers/STM32F4xx_HAL_Driver/Src/stm32f4xx_hal_rcc.o
 .debug_macro   0x00000000000239a3      0x1e7 Drivers/STM32F4xx_HAL_Driver/Src/stm32f4xx_hal_rcc_ex.o
 .debug_macro   0x0000000000023b8a      0x1e8 Drivers/STM32F4xx_HAL_Driver/Src/stm32f4xx_hal_tim.o
 .debug_macro   0x0000000000023d72      0x1e7 Drivers/STM32F4xx_HAL_Driver/Src/stm32f4xx_hal_tim_ex.o
 .debug_macro   0x0000000000023f59      0x1e8 Drivers/STM32F4xx_HAL_Driver/Src/stm32f4xx_hal_uart.o
 .debug_macro   0x0000000000024141      0x1fe Middlewares/Third_Party/FreeRTOS/Source/CMSIS_RTOS/cmsis_os.o
 .debug_macro   0x000000000002433f       0x10 Middlewares/Third_Party/FreeRTOS/Source/CMSIS_RTOS/cmsis_os.o
 .debug_macro   0x000000000002434f       0xc7 Middlewares/Third_Party/FreeRTOS/Source/CMSIS_RTOS/cmsis_os.o
 .debug_macro   0x0000000000024416      0x187 Middlewares/Third_Party/FreeRTOS/Source/list.o
 .debug_macro   0x000000000002459d      0x279 Middlewares/Third_Party/FreeRTOS/Source/tasks.o
 .debug_macro   0x0000000000024816       0x10 Middlewares/Third_Party/FreeRTOS/Source/tasks.o
 .debug_macro   0x0000000000024826      0x196 Middlewares/Third_Party/FreeRTOS/Source/portable/GCC/ARM_CM4F/port.o
 .debug_macro   0x00000000000249bc      0x1ae Middlewares/Third_Party/FreeRTOS/Source/portable/MemMang/heap_4.o

.debug_line     0x0000000000000000    0x19bb8
 .debug_line    0x0000000000000000      0x7ad Core/Src/DS3231.o
 .debug_line    0x00000000000007ad      0x980 Core/Src/df_player.o
 .debug_line    0x000000000000112d      0x38a Core/Src/fonts.o
 .debug_line    0x00000000000014b7      0x7f6 Core/Src/freertos.o
 .debug_line    0x0000000000001cad      0xd56 Core/Src/main.o
 .debug_line    0x0000000000002a03      0x9c8 Core/Src/ssd1306.o
 .debug_line    0x00000000000033cb      0x7c6 Core/Src/stm32f4xx_hal_msp.o
 .debug_line    0x0000000000003b91      0x757 Core/Src/stm32f4xx_hal_timebase_tim.o
 .debug_line    0x00000000000042e8      0x794 Core/Src/stm32f4xx_it.o
 .debug_line    0x0000000000004a7c      0x4f8 Core/Src/sysmem.o
 .debug_line    0x0000000000004f74      0x779 Core/Src/system_stm32f4xx.o
 .debug_line    0x00000000000056ed       0x88 Core/Startup/startup_stm32f446retx.o
 .debug_line    0x0000000000005775      0x9df Drivers/STM32F4xx_HAL_Driver/Src/stm32f4xx_hal.o
 .debug_line    0x0000000000006154      0xc8e Drivers/STM32F4xx_HAL_Driver/Src/stm32f4xx_hal_cortex.o
 .debug_line    0x0000000000006de2      0xb41 Drivers/STM32F4xx_HAL_Driver/Src/stm32f4xx_hal_gpio.o
 .debug_line    0x0000000000007923     0x398b Drivers/STM32F4xx_HAL_Driver/Src/stm32f4xx_hal_i2c.o
 .debug_line    0x000000000000b2ae      0x90e Drivers/STM32F4xx_HAL_Driver/Src/stm32f4xx_hal_pwr_ex.o
 .debug_line    0x000000000000bbbc      0xd67 Drivers/STM32F4xx_HAL_Driver/Src/stm32f4xx_hal_rcc.o
 .debug_line    0x000000000000c923     0x13ed Drivers/STM32F4xx_HAL_Driver/Src/stm32f4xx_hal_rcc_ex.o
 .debug_line    0x000000000000dd10     0x36d3 Drivers/STM32F4xx_HAL_Driver/Src/stm32f4xx_hal_tim.o
 .debug_line    0x00000000000113e3     0x19dc Drivers/STM32F4xx_HAL_Driver/Src/stm32f4xx_hal_tim_ex.o
 .debug_line    0x0000000000012dbf     0x2a66 Drivers/STM32F4xx_HAL_Driver/Src/stm32f4xx_hal_uart.o
 .debug_line    0x0000000000015825     0x11e1 Middlewares/Third_Party/FreeRTOS/Source/CMSIS_RTOS/cmsis_os.o
 .debug_line    0x0000000000016a06      0x70b Middlewares/Third_Party/FreeRTOS/Source/list.o
 .debug_line    0x0000000000017111     0x19c3 Middlewares/Third_Party/FreeRTOS/Source/tasks.o
 .debug_line    0x0000000000018ad4      0x7af Middlewares/Third_Party/FreeRTOS/Source/portable/GCC/ARM_CM4F/port.o
 .debug_line    0x0000000000019283      0x935 Middlewares/Third_Party/FreeRTOS/Source/portable/MemMang/heap_4.o

.debug_str      0x0000000000000000    0xdc402
 .debug_str     0x0000000000000000    0xcac14 Core/Src/DS3231.o
                                      0xcaf28 (size before relaxing)
 .debug_str     0x00000000000cac14     0x4447 Core/Src/df_player.o
                                      0xcf0ef (size before relaxing)
 .debug_str     0x00000000000cf05b       0x78 Core/Src/fonts.o
                                       0x3d86 (size before relaxing)
 .debug_str     0x00000000000cf0d3     0x3ef9 Core/Src/freertos.o
                                      0xce9c8 (size before relaxing)
 .debug_str     0x00000000000d2fcc     0x2a7a Core/Src/main.o
                                      0xd5caf (size before relaxing)
 .debug_str     0x00000000000d5a46      0x127 Core/Src/ssd1306.o